[    0.000000] Linux version 6.18.52-0-virt (buildozer@build-3-24-x86_64) (cc (Alpine 15.2.0) 15.2.0, GNU ld (GNU Binutils) 2.45.1) #1-Alpine SMP PREEMPT_DYNAMIC 2026-09-15 05:37:48
[    0.000000] Command line: console=ttyS0
[    0.000000] BIOS-provided physical RAM map:
[    0.000000] BIOS-e820: [mem 0x0000000000000000-0x000000000009fbff] usable
[    0.000000] BIOS-e820: [mem 0x000000000009fc00-0x000000000009ffff] reserved
[    0.000000] BIOS-e820: [mem 0x00000000000f0000-0x00000000000fffff] reserved
[    0.000000] BIOS-e820: [mem 0x0000000000100000-0x000000003ffdcfff] usable
[    0.000000] BIOS-e820: [mem 0x000000003ffdd000-0x000000003fffffff] reserved
[    0.000000] BIOS-e820: [mem 0x00000000fffc0000-0x00000000ffffffff] reserved
[    0.000000] BIOS-e820: [mem 0x000000fd00000000-0x000000ffffffffff] reserved
[    0.000000] NX (Execute Disable) protection: active
[    0.000000] APIC: Static calls initialized
[    0.000000] SMBIOS 2.8 present.
[    0.000000] DMI: QEMU Standard PC (i440FX + PIIX, 1996), BIOS rel-1.17.0-0-gb52ca86e094d-prebuilt.qemu.org 04/01/2014
[    0.000000] DMI: Memory slots populated: 1/1
[    0.000000] tsc: Fast TSC calibration using PIT
[    0.000000] tsc: Detected 2995.276 MHz processor
[    0.010527] last_pfn = 0x3ffdd max_arch_pfn = 0x400000000
[    0.011854] MTRR map: 4 entries (3 fixed + 1 variable; max 19), built from 8 variable MTRRs
[    0.012202] x86/PAT: Configuration [0-7]: WB  WC  UC- UC  WB  WP  UC- WT  
[    0.036033] found SMP MP-table at [mem 0x000f54b0-0x000f54bf]
[    0.043055] RAMDISK: [mem 0x3f69b000-0x3ffcffff]
[    0.043463] ACPI: Early table checksum verification disabled
[    0.044309] ACPI: RSDP 0x00000000000F52D0 000014 (v00 BOCHS )
[    0.044929] ACPI: RSDT 0x000000003FFE232F 000034 (v01 BOCHS  BXPC     00000001 BXPC 00000001)
[    0.045788] ACPI: FACP 0x000000003FFE21E3 000074 (v01 BOCHS  BXPC     00000001 BXPC 00000001)
[    0.046655] ACPI: DSDT 0x000000003FFE0040 0021A3 (v01 BOCHS  BXPC     00000001 BXPC 00000001)
[    0.046830] ACPI: FACS 0x000000003FFE0000 000040
[    0.046952] ACPI: APIC 0x000000003FFE2257 000078 (v03 BOCHS  BXPC     00000001 BXPC 00000001)
[    0.047007] ACPI: HPET 0x000000003FFE22CF 000038 (v01 BOCHS  BXPC     00000001 BXPC 00000001)
[    0.047028] ACPI: WAET 0x000000003FFE2307 000028 (v01 BOCHS  BXPC     00000001 BXPC 00000001)
[    0.047183] ACPI: Reserving FACP table memory at [mem 0x3ffe21e3-0x3ffe2256]
[    0.047234] ACPI: Reserving DSDT table memory at [mem 0x3ffe0040-0x3ffe21e2]
[    0.047242] ACPI: Reserving FACS table memory at [mem 0x3ffe0000-0x3ffe003f]
[    0.047249] ACPI: Reserving APIC table memory at [mem 0x3ffe2257-0x3ffe22ce]
[    0.047255] ACPI: Reserving HPET table memory at [mem 0x3ffe22cf-0x3ffe2306]
[    0.047261] ACPI: Reserving WAET table memory at [mem 0x3ffe2307-0x3ffe232e]
[    0.051164] No NUMA configuration found
[    0.051188] Faking a node at [mem 0x0000000000000000-0x000000003ffdcfff]
[    0.052302] NODE_DATA(0) allocated [mem 0x3ffd8d40-0x3ffdcfff]
[    0.056069] Zone ranges:
[    0.056105]   DMA      [mem 0x0000000000001000-0x0000000000ffffff]
[    0.056212]   DMA32    [mem 0x0000000001000000-0x000000003ffdcfff]
[    0.056227]   Normal   empty
[    0.056263] Movable zone start for each node
[    0.056322] Early memory node ranges
[    0.056362]   node   0: [mem 0x0000000000001000-0x000000000009efff]
[    0.056640]   node   0: [mem 0x0000000000100000-0x000000003ffdcfff]
[    0.056868] Initmem setup node 0 [mem 0x0000000000001000-0x000000003ffdcfff]
[    0.059007] On node 0, zone DMA: 1 pages in unavailable ranges
[    0.059344] On node 0, zone DMA: 97 pages in unavailable ranges
[    0.074685] On node 0, zone DMA32: 35 pages in unavailable ranges
[    0.075700] ACPI: PM-Timer IO Port: 0x608
[    0.076478] ACPI: LAPIC_NMI (acpi_id[0xff] dfl dfl lint[0x1])
[    0.077460] IOAPIC[0]: apic_id 0, version 32, address 0xfec00000, GSI 0-23
[    0.077751] ACPI: INT_SRC_OVR (bus 0 bus_irq 0 global_irq 2 dfl dfl)
[    0.078503] ACPI: INT_SRC_OVR (bus 0 bus_irq 5 global_irq 5 high level)
[    0.078591] ACPI: INT_SRC_OVR (bus 0 bus_irq 9 global_irq 9 high level)
[    0.078799] ACPI: INT_SRC_OVR (bus 0 bus_irq 10 global_irq 10 high level)
[    0.078812] ACPI: INT_SRC_OVR (bus 0 bus_irq 11 global_irq 11 high level)
[    0.079225] ACPI: Using ACPI (MADT) for SMP configuration information
[    0.079311] ACPI: HPET id: 0x8086a201 base: 0xfed00000
[    0.080036] CPU topo: Max. logical packages:   1
[    0.080054] CPU topo: Max. logical dies:       1
[    0.080067] CPU topo: Max. dies per package:   1
[    0.080132] CPU topo: Max. threads per core:   1
[    0.080365] CPU topo: Num. cores per package:     1
[    0.080385] CPU topo: Num. threads per package:   1
[    0.080396] CPU topo: Allowing 1 present CPUs plus 0 hotplug CPUs
[    0.082106] [mem 0x40000000-0xfffbffff] available for PCI devices
[    0.082218] Booting paravirtualized kernel on bare hardware
[    0.082578] clocksource: refined-jiffies: mask: 0xffffffff max_cycles: 0xffffffff, max_idle_ns: 1910969940391419 ns
[    0.092116] setup_percpu: NR_CPUS:256 nr_cpumask_bits:1 nr_cpu_ids:1 nr_node_ids:1
[    0.095101] percpu: Embedded 55 pages/cpu s186200 r8192 d30888 u2097152
[    0.099178] Kernel command line: console=ttyS0
[    0.101493] printk: log buffer data + meta data: 131072 + 458752 = 589824 bytes
[    0.102201] Dentry cache hash table entries: 131072 (order: 8, 1048576 bytes, linear)
[    0.102708] Inode-cache hash table entries: 65536 (order: 7, 524288 bytes, linear)
[    0.109288] Fallback order for Node 0: 0 
[    0.109927] Built 1 zonelists, mobility grouping on.  Total pages: 262011
[    0.109952] Policy zone: DMA32
[    0.111452] mem auto-init: stack:all(zero), heap alloc:on, heap free:off
[    0.156065] SLUB: HWalign=64, Order=0-3, MinObjects=0, CPUs=1, Nodes=1
[    0.175403] Dynamic Preempt: none
[    0.180804] rcu: Preemptible hierarchical RCU implementation.
[    0.180865] rcu: 	RCU restricting CPUs from NR_CPUS=256 to nr_cpu_ids=1.
[    0.181200] 	Trampoline variant of Tasks RCU enabled.
[    0.181217] 	Tracing variant of Tasks RCU enabled.
[    0.181360] rcu: RCU calculated value of scheduler-enlistment delay is 100 jiffies.
[    0.181404] rcu: Adjusting geometry for rcu_fanout_leaf=16, nr_cpu_ids=1
[    0.183138] RCU Tasks: Setting shift to 0 and lim to 1 rcu_task_cb_adjust=1 rcu_task_cpu_ids=1.
[    0.183171] RCU Tasks Trace: Setting shift to 0 and lim to 1 rcu_task_cb_adjust=1 rcu_task_cpu_ids=1.
[    0.227028] NR_IRQS: 16640, nr_irqs: 256, preallocated irqs: 16
[    0.244027] rcu: srcu_init: Setting srcu_struct sizes based on contention.
[    0.245189] clocksource: jiffies: mask: 0xffffffff max_cycles: 0xffffffff, max_idle_ns: 1911260446275000 ns
[    0.251626] kfence: initialized - using 2097152 bytes for 255 objects at 0x(____ptrval____)-0x(____ptrval____)
[    0.262282] Console: colour VGA+ 80x25
[    0.265234] printk: legacy console [ttyS0] enabled
[    0.283864] ACPI: Core revision 20250807
[    0.291998] clocksource: hpet: mask: 0xffffffff max_cycles: 0xffffffff, max_idle_ns: 19112604467 ns
[    0.300039] APIC: Switch to symmetric I/O mode setup
[    0.307530] ..TIMER: vector=0x30 apic1=0 pin1=2 apic2=-1 pin2=-1
[    0.315854] clocksource: tsc-early: mask: 0xffffffffffffffff max_cycles: 0x2b2cd72472f, max_idle_ns: 440795321616 ns
[    0.317099] Calibrating delay loop (skipped), value calculated using timer frequency.. 5990.55 BogoMIPS (lpj=2995276)
[    0.319066] Last level iTLB entries: 4KB 512, 2MB 255, 4MB 127
[    0.319231] Last level dTLB entries: 4KB 512, 2MB 255, 4MB 127, 1GB 0
[    0.319899] mitigations: Enabled attack vectors: user_kernel, user_user, guest_host, guest_guest, SMT mitigations: auto
[    0.320712] Spectre V2 : Mitigation: Retpolines
[    0.320712] Spectre V1 : Mitigation: usercopy/swapgs barriers and __user pointer sanitization
[    0.320872] Spectre V2 : Spectre v2 / SpectreRSB: Filling RSB on context switch and VMEXIT
[    0.324636] x86/fpu: x87 FPU will use FXSAVE
[    0.609126] Freeing SMP alternatives memory: 40K
[    0.610712] pid_max: default: 32768 minimum: 301
[    0.621806] LSM: initializing lsm=lockdown,capability,landlock,yama
[    0.624712] landlock: Up and running.
[    0.624712] Yama: becoming mindful.
[    0.629015] Mount-cache hash table entries: 2048 (order: 2, 16384 bytes, linear)
[    0.629342] Mountpoint-cache hash table entries: 2048 (order: 2, 16384 bytes, linear)
[    0.731712] smpboot: CPU0: AMD QEMU Virtual CPU version 2.5+ (family: 0xf, model: 0x6b, stepping: 0x1)
[    0.743642] Performance Events: PMU not available due to virtualization, using software events only.
[    0.744712] signal: max sigframe size: 1440
[    0.747210] rcu: Hierarchical SRCU implementation.
[    0.747411] rcu: 	Max phase no-delay instances is 400.
[    0.752436] NMI watchdog: Perf NMI watchdog permanently disabled
[    0.755712] smp: Bringing up secondary CPUs ...
[    0.759250] smp: Brought up 1 node, 1 CPU
[    0.759573] smpboot: Total of 1 processors activated (5990.55 BogoMIPS)
[    0.767097] Memory: 976872K/1048044K available (14690K kernel code, 2033K rwdata, 9872K rodata, 3008K init, 1148K bss, 67496K reserved, 0K cma-reserved)
[    0.775605] devtmpfs: initialized
[    0.778804] x86/mm: Memory block size: 128MB
[    0.787425] posixtimers hash table entries: 512 (order: 1, 8192 bytes, linear)
[    0.788085] futex hash table entries: 256 (16384 bytes on 1 NUMA nodes, total 16 KiB, linear).
[    0.801712] NET: Registered PF_NETLINK/PF_ROUTE protocol family
[    0.804712] audit: initializing netlink subsys (disabled)
[    0.809279] thermal_sys: Registered thermal governor 'step_wise'
[    0.809712] audit: type=2000 audit(1790052742.502:1): state=initialized audit_enabled=0 res=1
[    0.810346] cpuidle: using governor ladder
[    0.810598] cpuidle: using governor menu
[    0.812143] acpiphp: ACPI Hot Plug PCI Controller Driver version: 0.5
[    0.816002] PCI: Using configuration type 1 for base access
[    0.820051] kprobes: kprobe jump-optimization is enabled. All kprobes are optimized if possible.
[    0.827803] HugeTLB: registered 2.00 MiB page size, pre-allocated 0 pages
[    0.828037] HugeTLB: 28 KiB vmemmap can be freed for a 2.00 MiB page
[    0.847098] ACPI: Added _OSI(Module Device)
[    0.847284] ACPI: Added _OSI(Processor Device)
[    0.847387] ACPI: Added _OSI(Processor Aggregator Device)
[    0.863544] ACPI: 1 ACPI AML tables successfully acquired and loaded
[    0.900248] ACPI: Interpreter enabled
[    0.901155] ACPI: PM: (supports S0 S3 S5)
[    0.901320] ACPI: Using IOAPIC for interrupt routing
[    0.901712] PCI: Using host bridge windows from ACPI; if necessary, use "pci=nocrs" and report a bug
[    0.901712] PCI: Using E820 reservations for host bridge windows
[    0.902827] ACPI: Enabled 2 GPEs in block 00 to 0F
[    0.931545] ACPI: PCI Root Bridge [PCI0] (domain 0000 [bus 00-ff])
[    0.931712] acpi PNP0A03:00: _OSC: OS supports [ASPM ClockPM Segments MSI HPX-Type3]
[    0.931973] acpi PNP0A03:00: _OSC: not requesting OS control; OS requires [ExtendedConfig ASPM ClockPM MSI]
[    0.932712] acpi PNP0A03:00: fail to add MMCONFIG information, can't access extended configuration space under this bridge
[    0.938918] acpiphp: Slot [3] registered
[    0.939174] acpiphp: Slot [4] registered
[    0.939320] acpiphp: Slot [5] registered
[    0.939484] acpiphp: Slot [6] registered
[    0.939656] acpiphp: Slot [7] registered
[    0.939712] acpiphp: Slot [8] registered
[    0.939712] acpiphp: Slot [9] registered
[    0.939712] acpiphp: Slot [10] registered
[    0.939780] acpiphp: Slot [11] registered
[    0.939927] acpiphp: Slot [12] registered
[    0.940063] acpiphp: Slot [13] registered
[    0.940196] acpiphp: Slot [14] registered
[    0.940353] acpiphp: Slot [15] registered
[    0.940493] acpiphp: Slot [16] registered
[    0.940739] acpiphp: Slot [17] registered
[    0.940889] acpiphp: Slot [18] registered
[    0.941028] acpiphp: Slot [19] registered
[    0.941163] acpiphp: Slot [20] registered
[    0.941301] acpiphp: Slot [21] registered
[    0.941462] acpiphp: Slot [22] registered
[    0.941609] acpiphp: Slot [23] registered
[    0.941909] acpiphp: Slot [24] registered
[    0.942075] acpiphp: Slot [25] registered
[    0.942214] acpiphp: Slot [26] registered
[    0.942356] acpiphp: Slot [27] registered
[    0.942530] acpiphp: Slot [28] registered
[    0.942680] acpiphp: Slot [29] registered
[    0.942831] acpiphp: Slot [30] registered
[    0.942972] acpiphp: Slot [31] registered
[    0.943397] PCI host bridge to bus 0000:00
[    0.943712] pci_bus 0000:00: root bus resource [io  0x0000-0x0cf7 window]
[    0.943722] pci_bus 0000:00: root bus resource [io  0x0d00-0xffff window]
[    0.943854] pci_bus 0000:00: root bus resource [mem 0x000a0000-0x000bffff window]
[    0.944037] pci_bus 0000:00: root bus resource [mem 0x40000000-0xfebfffff window]
[    0.944176] pci_bus 0000:00: root bus resource [mem 0x100000000-0x17fffffff window]
[    0.944497] pci_bus 0000:00: root bus resource [bus 00-ff]
[    0.945712] pci 0000:00:00.0: [8086:1237] type 00 class 0x060000 conventional PCI endpoint
[    0.949712] pci 0000:00:01.0: [8086:7000] type 00 class 0x060100 conventional PCI endpoint
[    0.949712] pci 0000:00:01.1: [8086:7010] type 00 class 0x010180 conventional PCI endpoint
[    0.950952] pci 0000:00:01.1: BAR 4 [io  0xc0c0-0xc0cf]
[    0.951243] pci 0000:00:01.1: BAR 0 [io  0x01f0-0x01f7]: legacy IDE quirk
[    0.951410] pci 0000:00:01.1: BAR 1 [io  0x03f6]: legacy IDE quirk
[    0.951588] pci 0000:00:01.1: BAR 2 [io  0x0170-0x0177]: legacy IDE quirk
[    0.951712] pci 0000:00:01.1: BAR 3 [io  0x0376]: legacy IDE quirk
[    0.953040] pci 0000:00:01.3: [8086:7113] type 00 class 0x068000 conventional PCI endpoint
[    0.953712] pci 0000:00:01.3: quirk: [io  0x0600-0x063f] claimed by PIIX4 ACPI
[    0.953712] pci 0000:00:01.3: quirk: [io  0x0700-0x070f] claimed by PIIX4 SMB
[    0.954361] pci 0000:00:02.0: [1234:1111] type 00 class 0x030000 conventional PCI endpoint
[    0.955004] pci 0000:00:02.0: BAR 0 [mem 0xfd000000-0xfdffffff pref]
[    0.955215] pci 0000:00:02.0: BAR 2 [mem 0xfebf0000-0xfebf0fff]
[    0.955342] pci 0000:00:02.0: ROM [mem 0xfebe0000-0xfebeffff pref]
[    0.955712] pci 0000:00:02.0: Video device with shadowed ROM at [mem 0x000c0000-0x000dffff]
[    0.955712] pci 0000:00:03.0: [8086:100e] type 00 class 0x020000 conventional PCI endpoint
[    0.955712] pci 0000:00:03.0: BAR 0 [mem 0xfebc0000-0xfebdffff]
[    0.955865] pci 0000:00:03.0: BAR 1 [io  0xc080-0xc0bf]
[    0.955975] pci 0000:00:03.0: ROM [mem 0xfeb80000-0xfebbffff pref]
[    0.960712] pci 0000:00:04.0: [1af4:1001] type 00 class 0x010000 conventional PCI endpoint
[    0.961210] pci 0000:00:04.0: BAR 0 [io  0xc000-0xc07f]
[    0.961341] pci 0000:00:04.0: BAR 1 [mem 0xfebf1000-0xfebf1fff]
[    0.961508] pci 0000:00:04.0: BAR 4 [mem 0xfe000000-0xfe003fff 64bit pref]
[    0.967133] ACPI: PCI: Interrupt link LNKA configured for IRQ 10
[    0.967991] ACPI: PCI: Interrupt link LNKB configured for IRQ 10
[    0.968392] ACPI: PCI: Interrupt link LNKC configured for IRQ 11
[    0.968831] ACPI: PCI: Interrupt link LNKD configured for IRQ 11
[    0.969078] ACPI: PCI: Interrupt link LNKS configured for IRQ 9
[    0.971891] iommu: Default domain type: Translated
[    0.972048] iommu: DMA domain TLB invalidation policy: lazy mode
[    0.974383] SCSI subsystem initialized
[    0.975712] pps_core: LinuxPPS API ver. 1 registered
[    0.975712] pps_core: Software ver. 5.3.6 - Copyright 2005-2007 Rodolfo Giometti <giometti@linux.it>
[    0.975712] PTP clock support registered
[    0.987712] PCI: Using ACPI for IRQ routing
[    0.990539] hpet: 3 channels of 0 reserved for per-cpu timers
[    0.991712] clocksource: Switched to clocksource tsc-early
[    0.997204] VFS: Disk quotas dquot_6.6.0
[    0.997574] VFS: Dquot-cache hash table entries: 512 (order 0, 4096 bytes)
[    1.005968] pnp: PnP ACPI init
[    1.009279] ACPI: IRQ 4 override to edge(!), high(!)
[    1.009912] pnp: PnP ACPI: found 5 devices
[    1.041927] clocksource: acpi_pm: mask: 0xffffff max_cycles: 0xffffff, max_idle_ns: 2085701024 ns
[    1.043933] NET: Registered PF_INET protocol family
[    1.045794] IP idents hash table entries: 16384 (order: 5, 131072 bytes, linear)
[    1.097187] tcp_listen_portaddr_hash hash table entries: 512 (order: 1, 8192 bytes, linear)
[    1.097310] Table-perturb hash table entries: 65536 (order: 6, 262144 bytes, linear)
[    1.097310] TCP established hash table entries: 8192 (order: 4, 65536 bytes, linear)
[    1.098271] TCP bind hash table entries: 8192 (order: 6, 262144 bytes, linear)
[    1.098621] TCP: Hash tables configured (established 8192 bind 8192)
[    1.101307] MPTCP token hash table entries: 1024 (order: 3, 24576 bytes, linear)
[    1.101619] UDP hash table entries: 512 (order: 3, 32768 bytes, linear)
[    1.101619] UDP-Lite hash table entries: 512 (order: 3, 32768 bytes, linear)
[    1.104679] NET: Registered PF_UNIX/PF_LOCAL protocol family
[    1.105410] NET: Registered PF_XDP protocol family
[    1.106632] pci_bus 0000:00: resource 4 [io  0x0000-0x0cf7 window]
[    1.106782] pci_bus 0000:00: resource 5 [io  0x0d00-0xffff window]
[    1.106901] pci_bus 0000:00: resource 6 [mem 0x000a0000-0x000bffff window]
[    1.107028] pci_bus 0000:00: resource 7 [mem 0x40000000-0xfebfffff window]
[    1.107145] pci_bus 0000:00: resource 8 [mem 0x100000000-0x17fffffff window]
[    1.107145] pci 0000:00:01.0: PIIX3: Enabling Passive Release
[    1.107145] pci 0000:00:00.0: Limiting direct PCI/PCI transfers
[    1.107145] PCI: CLS 0 bytes, default 64
[    1.114641] Initialise system trusted keyrings
[    1.125660] Unpacking initramfs...
[    1.150712] workingset: timestamp_bits=40 max_order=18 bucket_order=0
[    1.155345] Key type asymmetric registered
[    1.155551] Asymmetric key parser 'x509' registered
[    1.156032] Block layer SCSI generic (bsg) driver version 0.4 loaded (major 247)
[    1.161796] io scheduler mq-deadline registered
[    1.162003] io scheduler kyber registered
[    1.162439] io scheduler bfq registered
[    1.174982] ERST DBG: ERST support is disabled.
[    1.182949] ACPI: \_SB_.LNKD: Enabled at IRQ 11
[    1.205652] Serial: 8250/16550 driver, 4 ports, IRQ sharing enabled
[    1.210869] 00:04: ttyS0 at I/O 0x3f8 (irq = 4, base_baud = 115200) is a 16550A
[    1.230957] VMware PVSCSI driver - version 1.0.7.0-k
[    1.248602] scsi host0: ata_piix
[    1.258372] scsi host1: ata_piix
[    1.258747] ata1: PATA max MWDMA2 cmd 0x1f0 ctl 0x3f6 bmdma 0xc0c0 irq 14 lpm-pol 0
[    1.259523] ata2: PATA max MWDMA2 cmd 0x170 ctl 0x376 bmdma 0xc0c8 irq 15 lpm-pol 0
[    1.260997] hv_vmbus: registering driver hv_netvsc
[    1.262609] i8042: PNP: PS/2 Controller [PNP0303:KBD,PNP0f13:MOU] at 0x60,0x64 irq 1,12
[    1.267593] serio: i8042 KBD port at 0x60,0x64 irq 1
[    1.268043] serio: i8042 AUX port at 0x60,0x64 irq 12
[    1.268333] hv_vmbus: registering driver hyperv_keyboard
[    1.270413] rtc_cmos PNP0B00:00: RTC can wake from S4
[    1.278332] input: AT Translated Set 2 keyboard as /devices/platform/i8042/serio0/input/input0
[    1.304952] rtc_cmos PNP0B00:00: registered as rtc0
[    1.306448] rtc_cmos PNP0B00:00: setting system clock to 2026-09-22T04:52:24 UTC (1790052744)
[    1.308010] rtc_cmos PNP0B00:00: alarms up to one day, y3k, 242 bytes nvram, hpet irqs
[    1.308650] amd_pstate: the _CPC object is not present in SBIOS or ACPI disabled
[    1.316695] gre: GRE over IPv4 demultiplexer driver
[    1.318205] NET: Registered PF_INET6 protocol family
[    1.339259] Segment Routing with IPv6
[    1.339259] In-situ OAM (IOAM) with IPv6
[    1.349677] Key type dns_resolver registered
[    1.351421] IPI shorthand broadcast: enabled
[    1.365499] sched_clock: Marking stable (1305747259, 58751863)->(1657890991, -293391869)
[    1.414090] registered taskstats version 1
[    1.418153] Loading compiled-in X.509 certificates
[    1.445244] ata2: found unknown device (class 0)
[    1.455652] ata2.00: ATAPI: QEMU DVD-ROM, 2.5+, max UDMA/100
[    1.490229] scsi 1:0:0:0: CD-ROM            QEMU     QEMU DVD-ROM     2.5+ PQ: 0 ANSI: 5
[    1.680751] Freeing initrd memory: 9428K
[    1.888129] Loaded X.509 cert 'alpinelinux.org: Alpine Linux kernel key: d76a695f66ad9cd28f5c22a8508f36e91f521f7a'
[    1.904435] Demotion targets for Node 0: null
[    1.905930] Key type .fscrypt registered
[    1.906048] Key type fscrypt-provisioning registered
[    2.007042] Freeing unused kernel image (initmem) memory: 3008K
[    2.007632] Write protecting the kernel read-only data: 26624k
[    2.010247] Freeing unused kernel image (text/rodata gap) memory: 1692K
[    2.010879] Freeing unused kernel image (rodata/data gap) memory: 368K
[    2.011740] rodata_test: all tests were successful
[    2.012101] Run /init as init process
[    2.128163] tsc: Refined TSC clocksource calibration: 2995.199 MHz
[    2.128775] clocksource: tsc: mask: 0xffffffffffffffff max_cycles: 0x2b2c8e53fc7, max_idle_ns: 440795296122 ns
[    2.129120] clocksource: Switched to clocksource tsc
[    2.148549] Alpine Init 3.14.1-r0
Alpine Init 3.14.1-r0
[    2.156772] Loading boot drivers...
 * Loading boot drivers: [    2.222866] loop: module loaded
[    2.238204] squashfs: version 4.0 (2009/01/31) Phillip Lougher
[    2.242719] Loading boot drivers: ok.
ok.
[    2.259820] Mounting boot media...
 * Mounting boot media: [    2.505147] e1000: Intel(R) PRO/1000 Network Driver
[    2.505336] e1000: Copyright (c) 1999-2006 Intel Corporation.
[    2.509168] ACPI: \_SB_.LNKC: Enabled at IRQ 10
[    2.798270] e1000 0000:00:03.0 eth0: (PCI:33MHz:32-bit) 52:54:00:12:34:56
[    2.798920] e1000 0000:00:03.0 eth0: Intel(R) PRO/1000 Network Connection
[    2.866125] virtio_blk virtio0: 1/0/0 default/read/poll queues
[    2.879956] virtio_blk virtio0: [vda] 2097152 512-byte logical blocks (1.07 GB/1.00 GiB)
[    2.895875]  vda:
[    4.453139] FAT-fs (vda): utf8 is not a recommended IO charset for FAT filesystems, filesystem will be case sensitive!
[    9.521955] Mounting boot media: failed. 
failed. 
Launching initramfs emergency recovery shell.

sh: can't access tty; job control turned off
~ # [6n