[    0.000000] Linux version 6.18.52-0-virt (buildozer@build-3-24-x86_64) (cc (Alpine 15.2.0) 15.2.0, GNU ld (GNU Binutils) 2.45.1) #1-Alpine SMP PREEMPT_DYNAMIC 2026-09-15 05:37:48
[    0.000000] Command line: console=ttyS0 rescue=1
[    0.000000] BIOS-provided physical RAM map:
[    0.000000] BIOS-e820: [mem 0x0000000000000000-0x000000000009fbff] usable
[    0.000000] BIOS-e820: [mem 0x000000000009fc00-0x000000000009ffff] reserved
[    0.000000] BIOS-e820: [mem 0x00000000000f0000-0x00000000000fffff] reserved
[    0.000000] BIOS-e820: [mem 0x0000000000100000-0x000000003ffdcfff] usable
[    0.000000] BIOS-e820: [mem 0x000000003ffdd000-0x000000003fffffff] reserved
[    0.000000] BIOS-e820: [mem 0x00000000fffc0000-0x00000000ffffffff] reserved
[    0.000000] BIOS-e820: [mem 0x000000fd00000000-0x000000ffffffffff] reserved
[    0.000000] NX (Execute Disable) protection: active
[    0.000000] APIC: Static calls initialized
[    0.000000] SMBIOS 2.8 present.
[    0.000000] DMI: QEMU Standard PC (i440FX + PIIX, 1996), BIOS rel-1.17.0-0-gb52ca86e094d-prebuilt.qemu.org 04/01/2014
[    0.000000] DMI: Memory slots populated: 1/1
[    0.000000] tsc: Fast TSC calibration using PIT
[    0.000000] tsc: Detected 2995.269 MHz processor
[    0.012572] last_pfn = 0x3ffdd max_arch_pfn = 0x400000000
[    0.013833] MTRR map: 4 entries (3 fixed + 1 variable; max 19), built from 8 variable MTRRs
[    0.014161] x86/PAT: Configuration [0-7]: WB  WC  UC- UC  WB  WP  UC- WT  
[    0.034971] found SMP MP-table at [mem 0x000f54b0-0x000f54bf]
[    0.042629] RAMDISK: [mem 0x3f69b000-0x3ffcffff]
[    0.043077] ACPI: Early table checksum verification disabled
[    0.043653] ACPI: RSDP 0x00000000000F52D0 000014 (v00 BOCHS )
[    0.044149] ACPI: RSDT 0x000000003FFE232F 000034 (v01 BOCHS  BXPC     00000001 BXPC 00000001)
[    0.045030] ACPI: FACP 0x000000003FFE21E3 000074 (v01 BOCHS  BXPC     00000001 BXPC 00000001)
[    0.045908] ACPI: DSDT 0x000000003FFE0040 0021A3 (v01 BOCHS  BXPC     00000001 BXPC 00000001)
[    0.046008] ACPI: FACS 0x000000003FFE0000 000040
[    0.046097] ACPI: APIC 0x000000003FFE2257 000078 (v03 BOCHS  BXPC     00000001 BXPC 00000001)
[    0.046150] ACPI: HPET 0x000000003FFE22CF 000038 (v01 BOCHS  BXPC     00000001 BXPC 00000001)
[    0.046169] ACPI: WAET 0x000000003FFE2307 000028 (v01 BOCHS  BXPC     00000001 BXPC 00000001)
[    0.046321] ACPI: Reserving FACP table memory at [mem 0x3ffe21e3-0x3ffe2256]
[    0.046366] ACPI: Reserving DSDT table memory at [mem 0x3ffe0040-0x3ffe21e2]
[    0.046375] ACPI: Reserving FACS table memory at [mem 0x3ffe0000-0x3ffe003f]
[    0.046382] ACPI: Reserving APIC table memory at [mem 0x3ffe2257-0x3ffe22ce]
[    0.046387] ACPI: Reserving HPET table memory at [mem 0x3ffe22cf-0x3ffe2306]
[    0.046392] ACPI: Reserving WAET table memory at [mem 0x3ffe2307-0x3ffe232e]
[    0.051011] No NUMA configuration found
[    0.051044] Faking a node at [mem 0x0000000000000000-0x000000003ffdcfff]
[    0.052308] NODE_DATA(0) allocated [mem 0x3ffd8d40-0x3ffdcfff]
[    0.056278] Zone ranges:
[    0.056317]   DMA      [mem 0x0000000000001000-0x0000000000ffffff]
[    0.056434]   DMA32    [mem 0x0000000001000000-0x000000003ffdcfff]
[    0.056449]   Normal   empty
[    0.056484] Movable zone start for each node
[    0.056540] Early memory node ranges
[    0.056581]   node   0: [mem 0x0000000000001000-0x000000000009efff]
[    0.056867]   node   0: [mem 0x0000000000100000-0x000000003ffdcfff]
[    0.057083] Initmem setup node 0 [mem 0x0000000000001000-0x000000003ffdcfff]
[    0.059253] On node 0, zone DMA: 1 pages in unavailable ranges
[    0.059765] On node 0, zone DMA: 97 pages in unavailable ranges
[    0.076000] On node 0, zone DMA32: 35 pages in unavailable ranges
[    0.077140] ACPI: PM-Timer IO Port: 0x608
[    0.077937] ACPI: LAPIC_NMI (acpi_id[0xff] dfl dfl lint[0x1])
[    0.078555] IOAPIC[0]: apic_id 0, version 32, address 0xfec00000, GSI 0-23
[    0.078756] ACPI: INT_SRC_OVR (bus 0 bus_irq 0 global_irq 2 dfl dfl)
[    0.079175] ACPI: INT_SRC_OVR (bus 0 bus_irq 5 global_irq 5 high level)
[    0.079452] ACPI: INT_SRC_OVR (bus 0 bus_irq 9 global_irq 9 high level)
[    0.079721] ACPI: INT_SRC_OVR (bus 0 bus_irq 10 global_irq 10 high level)
[    0.079734] ACPI: INT_SRC_OVR (bus 0 bus_irq 11 global_irq 11 high level)
[    0.080113] ACPI: Using ACPI (MADT) for SMP configuration information
[    0.080189] ACPI: HPET id: 0x8086a201 base: 0xfed00000
[    0.080843] CPU topo: Max. logical packages:   1
[    0.080857] CPU topo: Max. logical dies:       1
[    0.080867] CPU topo: Max. dies per package:   1
[    0.080924] CPU topo: Max. threads per core:   1
[    0.081130] CPU topo: Num. cores per package:     1
[    0.081148] CPU topo: Num. threads per package:   1
[    0.081157] CPU topo: Allowing 1 present CPUs plus 0 hotplug CPUs
[    0.082820] [mem 0x40000000-0xfffbffff] available for PCI devices
[    0.082942] Booting paravirtualized kernel on bare hardware
[    0.083263] clocksource: refined-jiffies: mask: 0xffffffff max_cycles: 0xffffffff, max_idle_ns: 1910969940391419 ns
[    0.092251] setup_percpu: NR_CPUS:256 nr_cpumask_bits:1 nr_cpu_ids:1 nr_node_ids:1
[    0.094871] percpu: Embedded 55 pages/cpu s186200 r8192 d30888 u2097152
[    0.097913] Kernel command line: console=ttyS0 rescue=1
[    0.099573] Unknown kernel command line parameters "rescue=1", will be passed to user space.
[    0.099991] printk: log buffer data + meta data: 131072 + 458752 = 589824 bytes
[    0.100483] Dentry cache hash table entries: 131072 (order: 8, 1048576 bytes, linear)
[    0.100821] Inode-cache hash table entries: 65536 (order: 7, 524288 bytes, linear)
[    0.105623] Fallback order for Node 0: 0 
[    0.106042] Built 1 zonelists, mobility grouping on.  Total pages: 262011
[    0.106067] Policy zone: DMA32
[    0.107430] mem auto-init: stack:all(zero), heap alloc:on, heap free:off
[    0.153173] SLUB: HWalign=64, Order=0-3, MinObjects=0, CPUs=1, Nodes=1
[    0.172031] Dynamic Preempt: none
[    0.177461] rcu: Preemptible hierarchical RCU implementation.
[    0.177531] rcu: 	RCU restricting CPUs from NR_CPUS=256 to nr_cpu_ids=1.
[    0.177915] 	Trampoline variant of Tasks RCU enabled.
[    0.177934] 	Tracing variant of Tasks RCU enabled.
[    0.178093] rcu: RCU calculated value of scheduler-enlistment delay is 100 jiffies.
[    0.178143] rcu: Adjusting geometry for rcu_fanout_leaf=16, nr_cpu_ids=1
[    0.180076] RCU Tasks: Setting shift to 0 and lim to 1 rcu_task_cb_adjust=1 rcu_task_cpu_ids=1.
[    0.180112] RCU Tasks Trace: Setting shift to 0 and lim to 1 rcu_task_cb_adjust=1 rcu_task_cpu_ids=1.
[    0.226716] NR_IRQS: 16640, nr_irqs: 256, preallocated irqs: 16
[    0.243856] rcu: srcu_init: Setting srcu_struct sizes based on contention.
[    0.244975] clocksource: jiffies: mask: 0xffffffff max_cycles: 0xffffffff, max_idle_ns: 1911260446275000 ns
[    0.250935] kfence: initialized - using 2097152 bytes for 255 objects at 0x(____ptrval____)-0x(____ptrval____)
[    0.259349] Console: colour VGA+ 80x25
[    0.263158] printk: legacy console [ttyS0] enabled
[    0.286193] ACPI: Core revision 20250807
[    0.293946] clocksource: hpet: mask: 0xffffffff max_cycles: 0xffffffff, max_idle_ns: 19112604467 ns
[    0.302301] APIC: Switch to symmetric I/O mode setup
[    0.309593] ..TIMER: vector=0x30 apic1=0 pin1=2 apic2=-1 pin2=-1
[    0.317442] clocksource: tsc-early: mask: 0xffffffffffffffff max_cycles: 0x2b2cd050dd6, max_idle_ns: 440795230803 ns
[    0.318488] Calibrating delay loop (skipped), value calculated using timer frequency.. 5990.53 BogoMIPS (lpj=2995269)
[    0.320140] Last level iTLB entries: 4KB 512, 2MB 255, 4MB 127
[    0.320140] Last level dTLB entries: 4KB 512, 2MB 255, 4MB 127, 1GB 0
[    0.320787] mitigations: Enabled attack vectors: user_kernel, user_user, guest_host, guest_guest, SMT mitigations: auto
[    0.321830] Spectre V2 : Mitigation: Retpolines
[    0.322351] Spectre V1 : Mitigation: usercopy/swapgs barriers and __user pointer sanitization
[    0.322765] Spectre V2 : Spectre v2 / SpectreRSB: Filling RSB on context switch and VMEXIT
[    0.323140] x86/fpu: x87 FPU will use FXSAVE
[    0.617140] Freeing SMP alternatives memory: 40K
[    0.618097] pid_max: default: 32768 minimum: 301
[    0.629140] LSM: initializing lsm=lockdown,capability,landlock,yama
[    0.632140] landlock: Up and running.
[    0.632140] Yama: becoming mindful.
[    0.637177] Mount-cache hash table entries: 2048 (order: 2, 16384 bytes, linear)
[    0.637518] Mountpoint-cache hash table entries: 2048 (order: 2, 16384 bytes, linear)
[    0.747140] smpboot: CPU0: AMD QEMU Virtual CPU version 2.5+ (family: 0xf, model: 0x6b, stepping: 0x1)
[    0.759430] Performance Events: PMU not available due to virtualization, using software events only.
[    0.760980] signal: max sigframe size: 1440
[    0.762140] rcu: Hierarchical SRCU implementation.
[    0.762140] rcu: 	Max phase no-delay instances is 400.
[    0.768034] NMI watchdog: Perf NMI watchdog permanently disabled
[    0.771140] smp: Bringing up secondary CPUs ...
[    0.773101] smp: Brought up 1 node, 1 CPU
[    0.773342] smpboot: Total of 1 processors activated (5990.53 BogoMIPS)
[    0.783140] Memory: 976872K/1048044K available (14690K kernel code, 2033K rwdata, 9872K rodata, 3008K init, 1148K bss, 67496K reserved, 0K cma-reserved)
[    0.791418] devtmpfs: initialized
[    0.795140] x86/mm: Memory block size: 128MB
[    0.805140] posixtimers hash table entries: 512 (order: 1, 8192 bytes, linear)
[    0.805653] futex hash table entries: 256 (16384 bytes on 1 NUMA nodes, total 16 KiB, linear).
[    0.819410] NET: Registered PF_NETLINK/PF_ROUTE protocol family
[    0.822140] audit: initializing netlink subsys (disabled)
[    0.826171] thermal_sys: Registered thermal governor 'step_wise'
[    0.827140] audit: type=2000 audit(1790052347.518:1): state=initialized audit_enabled=0 res=1
[    0.827623] cpuidle: using governor ladder
[    0.827971] cpuidle: using governor menu
[    0.830314] acpiphp: ACPI Hot Plug PCI Controller Driver version: 0.5
[    0.833140] PCI: Using configuration type 1 for base access
[    0.836106] kprobes: kprobe jump-optimization is enabled. All kprobes are optimized if possible.
[    0.840140] HugeTLB: registered 2.00 MiB page size, pre-allocated 0 pages
[    0.840140] HugeTLB: 28 KiB vmemmap can be freed for a 2.00 MiB page
[    0.855140] ACPI: Added _OSI(Module Device)
[    0.855140] ACPI: Added _OSI(Processor Device)
[    0.855157] ACPI: Added _OSI(Processor Aggregator Device)
[    0.866140] ACPI: 1 ACPI AML tables successfully acquired and loaded
[    0.896990] ACPI: Interpreter enabled
[    0.897839] ACPI: PM: (supports S0 S3 S5)
[    0.898001] ACPI: Using IOAPIC for interrupt routing
[    0.898338] PCI: Using host bridge windows from ACPI; if necessary, use "pci=nocrs" and report a bug
[    0.898565] PCI: Using E820 reservations for host bridge windows
[    0.900140] ACPI: Enabled 2 GPEs in block 00 to 0F
[    0.939257] ACPI: PCI Root Bridge [PCI0] (domain 0000 [bus 00-ff])
[    0.940361] acpi PNP0A03:00: _OSC: OS supports [ASPM ClockPM Segments MSI HPX-Type3]
[    0.940734] acpi PNP0A03:00: _OSC: not requesting OS control; OS requires [ExtendedConfig ASPM ClockPM MSI]
[    0.941979] acpi PNP0A03:00: fail to add MMCONFIG information, can't access extended configuration space under this bridge
[    0.945513] acpiphp: Slot [3] registered
[    0.945724] acpiphp: Slot [4] registered
[    0.945854] acpiphp: Slot [5] registered
[    0.945996] acpiphp: Slot [6] registered
[    0.946199] acpiphp: Slot [7] registered
[    0.946477] acpiphp: Slot [8] registered
[    0.946718] acpiphp: Slot [9] registered
[    0.946959] acpiphp: Slot [10] registered
[    0.947140] acpiphp: Slot [11] registered
[    0.947140] acpiphp: Slot [12] registered
[    0.947140] acpiphp: Slot [13] registered
[    0.947140] acpiphp: Slot [14] registered
[    0.947140] acpiphp: Slot [15] registered
[    0.947140] acpiphp: Slot [16] registered
[    0.947140] acpiphp: Slot [17] registered
[    0.947140] acpiphp: Slot [18] registered
[    0.947140] acpiphp: Slot [19] registered
[    0.947210] acpiphp: Slot [20] registered
[    0.947375] acpiphp: Slot [21] registered
[    0.947519] acpiphp: Slot [22] registered
[    0.947647] acpiphp: Slot [23] registered
[    0.947769] acpiphp: Slot [24] registered
[    0.947891] acpiphp: Slot [25] registered
[    0.948012] acpiphp: Slot [26] registered
[    0.948204] acpiphp: Slot [27] registered
[    0.948361] acpiphp: Slot [28] registered
[    0.948490] acpiphp: Slot [29] registered
[    0.948629] acpiphp: Slot [30] registered
[    0.948757] acpiphp: Slot [31] registered
[    0.949140] PCI host bridge to bus 0000:00
[    0.949140] pci_bus 0000:00: root bus resource [io  0x0000-0x0cf7 window]
[    0.949140] pci_bus 0000:00: root bus resource [io  0x0d00-0xffff window]
[    0.949140] pci_bus 0000:00: root bus resource [mem 0x000a0000-0x000bffff window]
[    0.949169] pci_bus 0000:00: root bus resource [mem 0x40000000-0xfebfffff window]
[    0.949324] pci_bus 0000:00: root bus resource [mem 0x100000000-0x17fffffff window]
[    0.949682] pci_bus 0000:00: root bus resource [bus 00-ff]
[    0.950960] pci 0000:00:00.0: [8086:1237] type 00 class 0x060000 conventional PCI endpoint
[    0.955645] pci 0000:00:01.0: [8086:7000] type 00 class 0x060100 conventional PCI endpoint
[    0.956140] pci 0000:00:01.1: [8086:7010] type 00 class 0x010180 conventional PCI endpoint
[    0.956140] pci 0000:00:01.1: BAR 4 [io  0xc0c0-0xc0cf]
[    0.956140] pci 0000:00:01.1: BAR 0 [io  0x01f0-0x01f7]: legacy IDE quirk
[    0.956140] pci 0000:00:01.1: BAR 1 [io  0x03f6]: legacy IDE quirk
[    0.956140] pci 0000:00:01.1: BAR 2 [io  0x0170-0x0177]: legacy IDE quirk
[    0.956327] pci 0000:00:01.1: BAR 3 [io  0x0376]: legacy IDE quirk
[    0.957081] pci 0000:00:01.3: [8086:7113] type 00 class 0x068000 conventional PCI endpoint
[    0.957534] pci 0000:00:01.3: quirk: [io  0x0600-0x063f] claimed by PIIX4 ACPI
[    0.957728] pci 0000:00:01.3: quirk: [io  0x0700-0x070f] claimed by PIIX4 SMB
[    0.958140] pci 0000:00:02.0: [1234:1111] type 00 class 0x030000 conventional PCI endpoint
[    0.958168] pci 0000:00:02.0: BAR 0 [mem 0xfd000000-0xfdffffff pref]
[    0.958373] pci 0000:00:02.0: BAR 2 [mem 0xfebf0000-0xfebf0fff]
[    0.958498] pci 0000:00:02.0: ROM [mem 0xfebe0000-0xfebeffff pref]
[    0.958867] pci 0000:00:02.0: Video device with shadowed ROM at [mem 0x000c0000-0x000dffff]
[    0.959140] pci 0000:00:03.0: [8086:100e] type 00 class 0x020000 conventional PCI endpoint
[    0.959637] pci 0000:00:03.0: BAR 0 [mem 0xfebc0000-0xfebdffff]
[    0.960285] pci 0000:00:03.0: BAR 1 [io  0xc080-0xc0bf]
[    0.960393] pci 0000:00:03.0: ROM [mem 0xfeb80000-0xfebbffff pref]
[    0.965140] pci 0000:00:04.0: [1af4:1001] type 00 class 0x010000 conventional PCI endpoint
[    0.965205] pci 0000:00:04.0: BAR 0 [io  0xc000-0xc07f]
[    0.965402] pci 0000:00:04.0: BAR 1 [mem 0xfebf1000-0xfebf1fff]
[    0.965629] pci 0000:00:04.0: BAR 4 [mem 0xfe000000-0xfe003fff 64bit pref]
[    0.971501] ACPI: PCI: Interrupt link LNKA configured for IRQ 10
[    0.972268] ACPI: PCI: Interrupt link LNKB configured for IRQ 10
[    0.972673] ACPI: PCI: Interrupt link LNKC configured for IRQ 11
[    0.973047] ACPI: PCI: Interrupt link LNKD configured for IRQ 11
[    0.973140] ACPI: PCI: Interrupt link LNKS configured for IRQ 9
[    0.976288] iommu: Default domain type: Translated
[    0.976474] iommu: DMA domain TLB invalidation policy: lazy mode
[    0.979014] SCSI subsystem initialized
[    0.980070] pps_core: LinuxPPS API ver. 1 registered
[    0.980159] pps_core: Software ver. 5.3.6 - Copyright 2005-2007 Rodolfo Giometti <giometti@linux.it>
[    0.980409] PTP clock support registered
[    0.994140] PCI: Using ACPI for IRQ routing
[    0.996140] hpet: 3 channels of 0 reserved for per-cpu timers
[    0.997149] clocksource: Switched to clocksource tsc-early
[    1.003469] VFS: Disk quotas dquot_6.6.0
[    1.003828] VFS: Dquot-cache hash table entries: 512 (order 0, 4096 bytes)
[    1.011562] pnp: PnP ACPI init
[    1.014884] ACPI: IRQ 4 override to edge(!), high(!)
[    1.015867] pnp: PnP ACPI: found 5 devices
[    1.048542] clocksource: acpi_pm: mask: 0xffffff max_cycles: 0xffffff, max_idle_ns: 2085701024 ns
[    1.049488] NET: Registered PF_INET protocol family
[    1.051474] IP idents hash table entries: 16384 (order: 5, 131072 bytes, linear)
[    1.103665] tcp_listen_portaddr_hash hash table entries: 512 (order: 1, 8192 bytes, linear)
[    1.104009] Table-perturb hash table entries: 65536 (order: 6, 262144 bytes, linear)
[    1.104116] TCP established hash table entries: 8192 (order: 4, 65536 bytes, linear)
[    1.104116] TCP bind hash table entries: 8192 (order: 6, 262144 bytes, linear)
[    1.105184] TCP: Hash tables configured (established 8192 bind 8192)
[    1.107343] MPTCP token hash table entries: 1024 (order: 3, 24576 bytes, linear)
[    1.107899] UDP hash table entries: 512 (order: 3, 32768 bytes, linear)
[    1.108359] UDP-Lite hash table entries: 512 (order: 3, 32768 bytes, linear)
[    1.110447] NET: Registered PF_UNIX/PF_LOCAL protocol family
[    1.111349] NET: Registered PF_XDP protocol family
[    1.112641] pci_bus 0000:00: resource 4 [io  0x0000-0x0cf7 window]
[    1.112793] pci_bus 0000:00: resource 5 [io  0x0d00-0xffff window]
[    1.112914] pci_bus 0000:00: resource 6 [mem 0x000a0000-0x000bffff window]
[    1.113044] pci_bus 0000:00: resource 7 [mem 0x40000000-0xfebfffff window]
[    1.113161] pci_bus 0000:00: resource 8 [mem 0x100000000-0x17fffffff window]
[    1.113161] pci 0000:00:01.0: PIIX3: Enabling Passive Release
[    1.114171] pci 0000:00:00.0: Limiting direct PCI/PCI transfers
[    1.114481] PCI: CLS 0 bytes, default 64
[    1.120943] Initialise system trusted keyrings
[    1.131820] Unpacking initramfs...
[    1.154887] workingset: timestamp_bits=40 max_order=18 bucket_order=0
[    1.159518] Key type asymmetric registered
[    1.159736] Asymmetric key parser 'x509' registered
[    1.159863] Block layer SCSI generic (bsg) driver version 0.4 loaded (major 247)
[    1.171103] io scheduler mq-deadline registered
[    1.171338] io scheduler kyber registered
[    1.171802] io scheduler bfq registered
[    1.181637] ERST DBG: ERST support is disabled.
[    1.190243] ACPI: \_SB_.LNKD: Enabled at IRQ 11
[    1.212789] Serial: 8250/16550 driver, 4 ports, IRQ sharing enabled
[    1.217746] 00:04: ttyS0 at I/O 0x3f8 (irq = 4, base_baud = 115200) is a 16550A
[    1.244979] VMware PVSCSI driver - version 1.0.7.0-k
[    1.265547] scsi host0: ata_piix
[    1.273014] scsi host1: ata_piix
[    1.273828] ata1: PATA max MWDMA2 cmd 0x1f0 ctl 0x3f6 bmdma 0xc0c0 irq 14 lpm-pol 0
[    1.273828] ata2: PATA max MWDMA2 cmd 0x170 ctl 0x376 bmdma 0xc0c8 irq 15 lpm-pol 0
[    1.275820] hv_vmbus: registering driver hv_netvsc
[    1.277638] i8042: PNP: PS/2 Controller [PNP0303:KBD,PNP0f13:MOU] at 0x60,0x64 irq 1,12
[    1.282058] serio: i8042 KBD port at 0x60,0x64 irq 1
[    1.283090] serio: i8042 AUX port at 0x60,0x64 irq 12
[    1.283472] hv_vmbus: registering driver hyperv_keyboard
[    1.285113] rtc_cmos PNP0B00:00: RTC can wake from S4
[    1.293749] input: AT Translated Set 2 keyboard as /devices/platform/i8042/serio0/input/input0
[    1.319352] rtc_cmos PNP0B00:00: registered as rtc0
[    1.320098] rtc_cmos PNP0B00:00: setting system clock to 2026-09-22T04:45:49 UTC (1790052349)
[    1.321883] rtc_cmos PNP0B00:00: alarms up to one day, y3k, 242 bytes nvram, hpet irqs
[    1.322518] amd_pstate: the _CPC object is not present in SBIOS or ACPI disabled
[    1.332029] gre: GRE over IPv4 demultiplexer driver
[    1.333183] NET: Registered PF_INET6 protocol family
[    1.356577] Segment Routing with IPv6
[    1.356657] In-situ OAM (IOAM) with IPv6
[    1.362360] Key type dns_resolver registered
[    1.363863] IPI shorthand broadcast: enabled
[    1.378967] sched_clock: Marking stable (1319370053, 59373201)->(1669828931, -291085677)
[    1.422745] registered taskstats version 1
[    1.425954] Loading compiled-in X.509 certificates
[    1.456275] ata2: found unknown device (class 0)
[    1.460885] ata2.00: ATAPI: QEMU DVD-ROM, 2.5+, max UDMA/100
[    1.492787] scsi 1:0:0:0: CD-ROM            QEMU     QEMU DVD-ROM     2.5+ PQ: 0 ANSI: 5
[    1.672238] Freeing initrd memory: 9428K
[    1.844792] Loaded X.509 cert 'alpinelinux.org: Alpine Linux kernel key: d76a695f66ad9cd28f5c22a8508f36e91f521f7a'
[    1.861506] Demotion targets for Node 0: null
[    1.863121] Key type .fscrypt registered
[    1.863257] Key type fscrypt-provisioning registered
[    1.967429] Freeing unused kernel image (initmem) memory: 3008K
[    1.968599] Write protecting the kernel read-only data: 26624k
[    1.972770] Freeing unused kernel image (text/rodata gap) memory: 1692K
[    1.973329] Freeing unused kernel image (rodata/data gap) memory: 368K
[    1.974244] rodata_test: all tests were successful
[    1.974619] Run /init as init process
[    2.096367] Alpine Init 3.14.1-r0
Alpine Init 3.14.1-r0
[    2.102684] Loading boot drivers...
 * Loading boot drivers: [    2.129036] tsc: Refined TSC clocksource calibration: 2995.198 MHz
[    2.129646] clocksource: tsc: mask: 0xffffffffffffffff max_cycles: 0x2b2c8d6afc8, max_idle_ns: 440795331172 ns
[    2.134689] clocksource: Switched to clocksource tsc
[    2.168670] loop: module loaded
[    2.181972] squashfs: version 4.0 (2009/01/31) Phillip Lougher
[    2.186511] Loading boot drivers: ok.
ok.
[    2.204022] Mounting boot media...
 * Mounting boot media: [    2.440685] e1000: Intel(R) PRO/1000 Network Driver
[    2.440866] e1000: Copyright (c) 1999-2006 Intel Corporation.
[    2.444608] ACPI: \_SB_.LNKC: Enabled at IRQ 10
[    2.730379] e1000 0000:00:03.0 eth0: (PCI:33MHz:32-bit) 52:54:00:12:34:56
[    2.731017] e1000 0000:00:03.0 eth0: Intel(R) PRO/1000 Network Connection
[    2.798760] virtio_blk virtio0: 1/0/0 default/read/poll queues
[    2.810737] virtio_blk virtio0: [vda] 2097152 512-byte logical blocks (1.07 GB/1.00 GiB)
[    2.826239]  vda:
[    4.329770] FAT-fs (vda): utf8 is not a recommended IO charset for FAT filesystems, filesystem will be case sensitive!
[    9.399183] Mounting boot media: failed. 
failed. 
Launching initramfs emergency recovery shell.

sh: can't access tty; job control turned off
~ # [6n