[    0.000000] Linux version 6.18.52-0-virt (buildozer@build-3-24-x86_64) (cc (Alpine 15.2.0) 15.2.0, GNU ld (GNU Binutils) 2.45.1) #1-Alpine SMP PREEMPT_DYNAMIC 2026-09-15 05:37:48
[    0.000000] Command line: console=ttyS0
[    0.000000] BIOS-provided physical RAM map:
[    0.000000] BIOS-e820: [mem 0x0000000000000000-0x000000000009fbff] usable
[    0.000000] BIOS-e820: [mem 0x000000000009fc00-0x000000000009ffff] reserved
[    0.000000] BIOS-e820: [mem 0x00000000000f0000-0x00000000000fffff] reserved
[    0.000000] BIOS-e820: [mem 0x0000000000100000-0x000000003ffdcfff] usable
[    0.000000] BIOS-e820: [mem 0x000000003ffdd000-0x000000003fffffff] reserved
[    0.000000] BIOS-e820: [mem 0x00000000fffc0000-0x00000000ffffffff] reserved
[    0.000000] BIOS-e820: [mem 0x000000fd00000000-0x000000ffffffffff] reserved
[    0.000000] NX (Execute Disable) protection: active
[    0.000000] APIC: Static calls initialized
[    0.000000] SMBIOS 2.8 present.
[    0.000000] DMI: QEMU Standard PC (i440FX + PIIX, 1996), BIOS rel-1.17.0-0-gb52ca86e094d-prebuilt.qemu.org 04/01/2014
[    0.000000] DMI: Memory slots populated: 1/1
[    0.000000] tsc: Fast TSC calibration using PIT
[    0.000000] tsc: Detected 2995.224 MHz processor
[    0.010265] last_pfn = 0x3ffdd max_arch_pfn = 0x400000000
[    0.011379] MTRR map: 4 entries (3 fixed + 1 variable; max 19), built from 8 variable MTRRs
[    0.011666] x86/PAT: Configuration [0-7]: WB  WC  UC- UC  WB  WP  UC- WT  
[    0.030884] found SMP MP-table at [mem 0x000f54b0-0x000f54bf]
[    0.038843] RAMDISK: [mem 0x3f69a000-0x3ffcffff]
[    0.039679] ACPI: Early table checksum verification disabled
[    0.040252] ACPI: RSDP 0x00000000000F52D0 000014 (v00 BOCHS )
[    0.040742] ACPI: RSDT 0x000000003FFE232F 000034 (v01 BOCHS  BXPC     00000001 BXPC 00000001)
[    0.041593] ACPI: FACP 0x000000003FFE21E3 000074 (v01 BOCHS  BXPC     00000001 BXPC 00000001)
[    0.042453] ACPI: DSDT 0x000000003FFE0040 0021A3 (v01 BOCHS  BXPC     00000001 BXPC 00000001)
[    0.042547] ACPI: FACS 0x000000003FFE0000 000040
[    0.042631] ACPI: APIC 0x000000003FFE2257 000078 (v03 BOCHS  BXPC     00000001 BXPC 00000001)
[    0.042677] ACPI: HPET 0x000000003FFE22CF 000038 (v01 BOCHS  BXPC     00000001 BXPC 00000001)
[    0.042697] ACPI: WAET 0x000000003FFE2307 000028 (v01 BOCHS  BXPC     00000001 BXPC 00000001)
[    0.042841] ACPI: Reserving FACP table memory at [mem 0x3ffe21e3-0x3ffe2256]
[    0.042886] ACPI: Reserving DSDT table memory at [mem 0x3ffe0040-0x3ffe21e2]
[    0.042895] ACPI: Reserving FACS table memory at [mem 0x3ffe0000-0x3ffe003f]
[    0.042902] ACPI: Reserving APIC table memory at [mem 0x3ffe2257-0x3ffe22ce]
[    0.042907] ACPI: Reserving HPET table memory at [mem 0x3ffe22cf-0x3ffe2306]
[    0.042912] ACPI: Reserving WAET table memory at [mem 0x3ffe2307-0x3ffe232e]
[    0.046910] No NUMA configuration found
[    0.046937] Faking a node at [mem 0x0000000000000000-0x000000003ffdcfff]
[    0.048059] NODE_DATA(0) allocated [mem 0x3ffd8d40-0x3ffdcfff]
[    0.051551] Zone ranges:
[    0.051585]   DMA      [mem 0x0000000000001000-0x0000000000ffffff]
[    0.051685]   DMA32    [mem 0x0000000001000000-0x000000003ffdcfff]
[    0.051699]   Normal   empty
[    0.051734] Movable zone start for each node
[    0.051785] Early memory node ranges
[    0.051938]   node   0: [mem 0x0000000000001000-0x000000000009efff]
[    0.052333]   node   0: [mem 0x0000000000100000-0x000000003ffdcfff]
[    0.052570] Initmem setup node 0 [mem 0x0000000000001000-0x000000003ffdcfff]
[    0.054927] On node 0, zone DMA: 1 pages in unavailable ranges
[    0.055290] On node 0, zone DMA: 97 pages in unavailable ranges
[    0.077079] On node 0, zone DMA32: 35 pages in unavailable ranges
[    0.078177] ACPI: PM-Timer IO Port: 0x608
[    0.078918] ACPI: LAPIC_NMI (acpi_id[0xff] dfl dfl lint[0x1])
[    0.079494] IOAPIC[0]: apic_id 0, version 32, address 0xfec00000, GSI 0-23
[    0.079684] ACPI: INT_SRC_OVR (bus 0 bus_irq 0 global_irq 2 dfl dfl)
[    0.080096] ACPI: INT_SRC_OVR (bus 0 bus_irq 5 global_irq 5 high level)
[    0.080164] ACPI: INT_SRC_OVR (bus 0 bus_irq 9 global_irq 9 high level)
[    0.080339] ACPI: INT_SRC_OVR (bus 0 bus_irq 10 global_irq 10 high level)
[    0.080347] ACPI: INT_SRC_OVR (bus 0 bus_irq 11 global_irq 11 high level)
[    0.080697] ACPI: Using ACPI (MADT) for SMP configuration information
[    0.080770] ACPI: HPET id: 0x8086a201 base: 0xfed00000
[    0.081534] CPU topo: Max. logical packages:   1
[    0.081553] CPU topo: Max. logical dies:       1
[    0.081564] CPU topo: Max. dies per package:   1
[    0.081625] CPU topo: Max. threads per core:   1
[    0.081846] CPU topo: Num. cores per package:     1
[    0.081865] CPU topo: Num. threads per package:   1
[    0.081875] CPU topo: Allowing 1 present CPUs plus 0 hotplug CPUs
[    0.083422] [mem 0x40000000-0xfffbffff] available for PCI devices
[    0.083526] Booting paravirtualized kernel on bare hardware
[    0.084071] clocksource: refined-jiffies: mask: 0xffffffff max_cycles: 0xffffffff, max_idle_ns: 1910969940391419 ns
[    0.094059] setup_percpu: NR_CPUS:256 nr_cpumask_bits:1 nr_cpu_ids:1 nr_node_ids:1
[    0.096244] percpu: Embedded 55 pages/cpu s186200 r8192 d30888 u2097152
[    0.099135] Kernel command line: console=ttyS0
[    0.101119] printk: log buffer data + meta data: 131072 + 458752 = 589824 bytes
[    0.101569] Dentry cache hash table entries: 131072 (order: 8, 1048576 bytes, linear)
[    0.101879] Inode-cache hash table entries: 65536 (order: 7, 524288 bytes, linear)
[    0.106729] Fallback order for Node 0: 0 
[    0.107106] Built 1 zonelists, mobility grouping on.  Total pages: 262011
[    0.107130] Policy zone: DMA32
[    0.108356] mem auto-init: stack:all(zero), heap alloc:on, heap free:off
[    0.151256] SLUB: HWalign=64, Order=0-3, MinObjects=0, CPUs=1, Nodes=1
[    0.173311] Dynamic Preempt: none
[    0.178516] rcu: Preemptible hierarchical RCU implementation.
[    0.178574] rcu: 	RCU restricting CPUs from NR_CPUS=256 to nr_cpu_ids=1.
[    0.178943] 	Trampoline variant of Tasks RCU enabled.
[    0.178961] 	Tracing variant of Tasks RCU enabled.
[    0.179185] rcu: RCU calculated value of scheduler-enlistment delay is 100 jiffies.
[    0.179274] rcu: Adjusting geometry for rcu_fanout_leaf=16, nr_cpu_ids=1
[    0.181079] RCU Tasks: Setting shift to 0 and lim to 1 rcu_task_cb_adjust=1 rcu_task_cpu_ids=1.
[    0.181110] RCU Tasks Trace: Setting shift to 0 and lim to 1 rcu_task_cb_adjust=1 rcu_task_cpu_ids=1.
[    0.228449] NR_IRQS: 16640, nr_irqs: 256, preallocated irqs: 16
[    0.242558] rcu: srcu_init: Setting srcu_struct sizes based on contention.
[    0.244038] clocksource: jiffies: mask: 0xffffffff max_cycles: 0xffffffff, max_idle_ns: 1911260446275000 ns
[    0.250683] kfence: initialized - using 2097152 bytes for 255 objects at 0x(____ptrval____)-0x(____ptrval____)
[    0.258916] Console: colour VGA+ 80x25
[    0.261571] printk: legacy console [ttyS0] enabled
[    0.279789] ACPI: Core revision 20250807
[    0.288885] clocksource: hpet: mask: 0xffffffff max_cycles: 0xffffffff, max_idle_ns: 19112604467 ns
[    0.296734] APIC: Switch to symmetric I/O mode setup
[    0.303103] ..TIMER: vector=0x30 apic1=0 pin1=2 apic2=-1 pin2=-1
[    0.312700] clocksource: tsc-early: mask: 0xffffffffffffffff max_cycles: 0x2b2ca589879, max_idle_ns: 440795286564 ns
[    0.313512] Calibrating delay loop (skipped), value calculated using timer frequency.. 5990.44 BogoMIPS (lpj=2995224)
[    0.315813] Last level iTLB entries: 4KB 512, 2MB 255, 4MB 127
[    0.315960] Last level dTLB entries: 4KB 512, 2MB 255, 4MB 127, 1GB 0
[    0.316562] mitigations: Enabled attack vectors: user_kernel, user_user, guest_host, guest_guest, SMT mitigations: auto
[    0.317162] Spectre V2 : Mitigation: Retpolines
[    0.317162] Spectre V1 : Mitigation: usercopy/swapgs barriers and __user pointer sanitization
[    0.317369] Spectre V2 : Spectre v2 / SpectreRSB: Filling RSB on context switch and VMEXIT
[    0.321335] x86/fpu: x87 FPU will use FXSAVE
[    0.599084] Freeing SMP alternatives memory: 40K
[    0.600162] pid_max: default: 32768 minimum: 301
[    0.609879] LSM: initializing lsm=lockdown,capability,landlock,yama
[    0.611664] landlock: Up and running.
[    0.611794] Yama: becoming mindful.
[    0.617162] Mount-cache hash table entries: 2048 (order: 2, 16384 bytes, linear)
[    0.617162] Mountpoint-cache hash table entries: 2048 (order: 2, 16384 bytes, linear)
[    0.728162] smpboot: CPU0: AMD QEMU Virtual CPU version 2.5+ (family: 0xf, model: 0x6b, stepping: 0x1)
[    0.740085] Performance Events: PMU not available due to virtualization, using software events only.
[    0.741190] signal: max sigframe size: 1440
[    0.742747] rcu: Hierarchical SRCU implementation.
[    0.742933] rcu: 	Max phase no-delay instances is 400.
[    0.751638] NMI watchdog: Perf NMI watchdog permanently disabled
[    0.756162] smp: Bringing up secondary CPUs ...
[    0.758162] smp: Brought up 1 node, 1 CPU
[    0.758162] smpboot: Total of 1 processors activated (5990.44 BogoMIPS)
[    0.764636] Memory: 976868K/1048044K available (14690K kernel code, 2033K rwdata, 9872K rodata, 3008K init, 1148K bss, 67500K reserved, 0K cma-reserved)
[    0.772984] devtmpfs: initialized
[    0.778162] x86/mm: Memory block size: 128MB
[    0.786939] posixtimers hash table entries: 512 (order: 1, 8192 bytes, linear)
[    0.787162] futex hash table entries: 256 (16384 bytes on 1 NUMA nodes, total 16 KiB, linear).
[    0.800731] NET: Registered PF_NETLINK/PF_ROUTE protocol family
[    0.802663] audit: initializing netlink subsys (disabled)
[    0.806519] thermal_sys: Registered thermal governor 'step_wise'
[    0.807634] audit: type=2000 audit(1790052958.502:1): state=initialized audit_enabled=0 res=1
[    0.808610] cpuidle: using governor ladder
[    0.808864] cpuidle: using governor menu
[    0.810402] acpiphp: ACPI Hot Plug PCI Controller Driver version: 0.5
[    0.814412] PCI: Using configuration type 1 for base access
[    0.816714] kprobes: kprobe jump-optimization is enabled. All kprobes are optimized if possible.
[    0.822162] HugeTLB: registered 2.00 MiB page size, pre-allocated 0 pages
[    0.822162] HugeTLB: 28 KiB vmemmap can be freed for a 2.00 MiB page
[    0.838584] ACPI: Added _OSI(Module Device)
[    0.838828] ACPI: Added _OSI(Processor Device)
[    0.838967] ACPI: Added _OSI(Processor Aggregator Device)
[    0.851696] ACPI: 1 ACPI AML tables successfully acquired and loaded
[    0.891162] ACPI: Interpreter enabled
[    0.892468] ACPI: PM: (supports S0 S3 S5)
[    0.892626] ACPI: Using IOAPIC for interrupt routing
[    0.893437] PCI: Using host bridge windows from ACPI; if necessary, use "pci=nocrs" and report a bug
[    0.893662] PCI: Using E820 reservations for host bridge windows
[    0.894898] ACPI: Enabled 2 GPEs in block 00 to 0F
[    0.928510] ACPI: PCI Root Bridge [PCI0] (domain 0000 [bus 00-ff])
[    0.929686] acpi PNP0A03:00: _OSC: OS supports [ASPM ClockPM Segments MSI HPX-Type3]
[    0.930063] acpi PNP0A03:00: _OSC: not requesting OS control; OS requires [ExtendedConfig ASPM ClockPM MSI]
[    0.931031] acpi PNP0A03:00: fail to add MMCONFIG information, can't access extended configuration space under this bridge
[    0.936922] acpiphp: Slot [3] registered
[    0.937150] acpiphp: Slot [4] registered
[    0.937162] acpiphp: Slot [5] registered
[    0.937162] acpiphp: Slot [6] registered
[    0.937162] acpiphp: Slot [7] registered
[    0.937162] acpiphp: Slot [8] registered
[    0.937162] acpiphp: Slot [9] registered
[    0.937162] acpiphp: Slot [10] registered
[    0.937162] acpiphp: Slot [11] registered
[    0.937162] acpiphp: Slot [12] registered
[    0.937162] acpiphp: Slot [13] registered
[    0.937162] acpiphp: Slot [14] registered
[    0.937188] acpiphp: Slot [15] registered
[    0.937330] acpiphp: Slot [16] registered
[    0.937453] acpiphp: Slot [17] registered
[    0.937575] acpiphp: Slot [18] registered
[    0.937696] acpiphp: Slot [19] registered
[    0.937815] acpiphp: Slot [20] registered
[    0.937936] acpiphp: Slot [21] registered
[    0.938075] acpiphp: Slot [22] registered
[    0.938225] acpiphp: Slot [23] registered
[    0.938348] acpiphp: Slot [24] registered
[    0.938470] acpiphp: Slot [25] registered
[    0.938592] acpiphp: Slot [26] registered
[    0.938714] acpiphp: Slot [27] registered
[    0.938863] acpiphp: Slot [28] registered
[    0.938990] acpiphp: Slot [29] registered
[    0.939131] acpiphp: Slot [30] registered
[    0.939213] acpiphp: Slot [31] registered
[    0.939609] PCI host bridge to bus 0000:00
[    0.940183] pci_bus 0000:00: root bus resource [io  0x0000-0x0cf7 window]
[    0.940469] pci_bus 0000:00: root bus resource [io  0x0d00-0xffff window]
[    0.940598] pci_bus 0000:00: root bus resource [mem 0x000a0000-0x000bffff window]
[    0.940778] pci_bus 0000:00: root bus resource [mem 0x40000000-0xfebfffff window]
[    0.940914] pci_bus 0000:00: root bus resource [mem 0x100000000-0x17fffffff window]
[    0.941162] pci_bus 0000:00: root bus resource [bus 00-ff]
[    0.942469] pci 0000:00:00.0: [8086:1237] type 00 class 0x060000 conventional PCI endpoint
[    0.947162] pci 0000:00:01.0: [8086:7000] type 00 class 0x060100 conventional PCI endpoint
[    0.947441] pci 0000:00:01.1: [8086:7010] type 00 class 0x010180 conventional PCI endpoint
[    0.948162] pci 0000:00:01.1: BAR 4 [io  0xc0c0-0xc0cf]
[    0.948227] pci 0000:00:01.1: BAR 0 [io  0x01f0-0x01f7]: legacy IDE quirk
[    0.948452] pci 0000:00:01.1: BAR 1 [io  0x03f6]: legacy IDE quirk
[    0.948689] pci 0000:00:01.1: BAR 2 [io  0x0170-0x0177]: legacy IDE quirk
[    0.948854] pci 0000:00:01.1: BAR 3 [io  0x0376]: legacy IDE quirk
[    0.949721] pci 0000:00:01.3: [8086:7113] type 00 class 0x068000 conventional PCI endpoint
[    0.950491] pci 0000:00:01.3: quirk: [io  0x0600-0x063f] claimed by PIIX4 ACPI
[    0.950679] pci 0000:00:01.3: quirk: [io  0x0700-0x070f] claimed by PIIX4 SMB
[    0.951162] pci 0000:00:02.0: [1234:1111] type 00 class 0x030000 conventional PCI endpoint
[    0.951162] pci 0000:00:02.0: BAR 0 [mem 0xfd000000-0xfdffffff pref]
[    0.951162] pci 0000:00:02.0: BAR 2 [mem 0xfebf0000-0xfebf0fff]
[    0.951162] pci 0000:00:02.0: ROM [mem 0xfebe0000-0xfebeffff pref]
[    0.951245] pci 0000:00:02.0: Video device with shadowed ROM at [mem 0x000c0000-0x000dffff]
[    0.951994] pci 0000:00:03.0: [8086:100e] type 00 class 0x020000 conventional PCI endpoint
[    0.952610] pci 0000:00:03.0: BAR 0 [mem 0xfebc0000-0xfebdffff]
[    0.952753] pci 0000:00:03.0: BAR 1 [io  0xc080-0xc0bf]
[    0.952862] pci 0000:00:03.0: ROM [mem 0xfeb80000-0xfebbffff pref]
[    0.956893] pci 0000:00:04.0: [1af4:1001] type 00 class 0x010000 conventional PCI endpoint
[    0.957162] pci 0000:00:04.0: BAR 0 [io  0xc000-0xc07f]
[    0.957162] pci 0000:00:04.0: BAR 1 [mem 0xfebf1000-0xfebf1fff]
[    0.957162] pci 0000:00:04.0: BAR 4 [mem 0xfe000000-0xfe003fff 64bit pref]
[    0.962849] ACPI: PCI: Interrupt link LNKA configured for IRQ 10
[    0.963162] ACPI: PCI: Interrupt link LNKB configured for IRQ 10
[    0.963162] ACPI: PCI: Interrupt link LNKC configured for IRQ 11
[    0.963430] ACPI: PCI: Interrupt link LNKD configured for IRQ 11
[    0.963653] ACPI: PCI: Interrupt link LNKS configured for IRQ 9
[    0.966208] iommu: Default domain type: Translated
[    0.966362] iommu: DMA domain TLB invalidation policy: lazy mode
[    0.969378] SCSI subsystem initialized
[    0.970162] pps_core: LinuxPPS API ver. 1 registered
[    0.970162] pps_core: Software ver. 5.3.6 - Copyright 2005-2007 Rodolfo Giometti <giometti@linux.it>
[    0.970162] PTP clock support registered
[    0.980326] PCI: Using ACPI for IRQ routing
[    0.983304] hpet: 3 channels of 0 reserved for per-cpu timers
[    0.985162] clocksource: Switched to clocksource tsc-early
[    0.990563] VFS: Disk quotas dquot_6.6.0
[    0.990928] VFS: Dquot-cache hash table entries: 512 (order 0, 4096 bytes)
[    0.999604] pnp: PnP ACPI init
[    1.003062] ACPI: IRQ 4 override to edge(!), high(!)
[    1.004055] pnp: PnP ACPI: found 5 devices
[    1.036457] clocksource: acpi_pm: mask: 0xffffff max_cycles: 0xffffff, max_idle_ns: 2085701024 ns
[    1.038285] NET: Registered PF_INET protocol family
[    1.038688] IP idents hash table entries: 16384 (order: 5, 131072 bytes, linear)
[    1.093430] tcp_listen_portaddr_hash hash table entries: 512 (order: 1, 8192 bytes, linear)
[    1.093776] Table-perturb hash table entries: 65536 (order: 6, 262144 bytes, linear)
[    1.094080] TCP established hash table entries: 8192 (order: 4, 65536 bytes, linear)
[    1.094514] TCP bind hash table entries: 8192 (order: 6, 262144 bytes, linear)
[    1.094851] TCP: Hash tables configured (established 8192 bind 8192)
[    1.097296] MPTCP token hash table entries: 1024 (order: 3, 24576 bytes, linear)
[    1.098038] UDP hash table entries: 512 (order: 3, 32768 bytes, linear)
[    1.098529] UDP-Lite hash table entries: 512 (order: 3, 32768 bytes, linear)
[    1.101258] NET: Registered PF_UNIX/PF_LOCAL protocol family
[    1.101948] NET: Registered PF_XDP protocol family
[    1.103455] pci_bus 0000:00: resource 4 [io  0x0000-0x0cf7 window]
[    1.103610] pci_bus 0000:00: resource 5 [io  0x0d00-0xffff window]
[    1.103728] pci_bus 0000:00: resource 6 [mem 0x000a0000-0x000bffff window]
[    1.103855] pci_bus 0000:00: resource 7 [mem 0x40000000-0xfebfffff window]
[    1.103979] pci_bus 0000:00: resource 8 [mem 0x100000000-0x17fffffff window]
[    1.104794] pci 0000:00:01.0: PIIX3: Enabling Passive Release
[    1.105014] pci 0000:00:00.0: Limiting direct PCI/PCI transfers
[    1.105315] PCI: CLS 0 bytes, default 64
[    1.111089] Initialise system trusted keyrings
[    1.123081] Unpacking initramfs...
[    1.147998] workingset: timestamp_bits=40 max_order=18 bucket_order=0
[    1.152085] Key type asymmetric registered
[    1.152085] Asymmetric key parser 'x509' registered
[    1.154051] Block layer SCSI generic (bsg) driver version 0.4 loaded (major 247)
[    1.160243] io scheduler mq-deadline registered
[    1.160447] io scheduler kyber registered
[    1.160898] io scheduler bfq registered
[    1.169910] ERST DBG: ERST support is disabled.
[    1.177250] ACPI: \_SB_.LNKD: Enabled at IRQ 11
[    1.196558] Serial: 8250/16550 driver, 4 ports, IRQ sharing enabled
[    1.202229] 00:04: ttyS0 at I/O 0x3f8 (irq = 4, base_baud = 115200) is a 16550A
[    1.228230] VMware PVSCSI driver - version 1.0.7.0-k
[    1.251287] scsi host0: ata_piix
[    1.255214] scsi host1: ata_piix
[    1.258840] ata1: PATA max MWDMA2 cmd 0x1f0 ctl 0x3f6 bmdma 0xc0c0 irq 14 lpm-pol 0
[    1.259094] ata2: PATA max MWDMA2 cmd 0x170 ctl 0x376 bmdma 0xc0c8 irq 15 lpm-pol 0
[    1.260715] hv_vmbus: registering driver hv_netvsc
[    1.262158] i8042: PNP: PS/2 Controller [PNP0303:KBD,PNP0f13:MOU] at 0x60,0x64 irq 1,12
[    1.267214] serio: i8042 KBD port at 0x60,0x64 irq 1
[    1.267575] serio: i8042 AUX port at 0x60,0x64 irq 12
[    1.267729] hv_vmbus: registering driver hyperv_keyboard
[    1.267729] rtc_cmos PNP0B00:00: RTC can wake from S4
[    1.277445] input: AT Translated Set 2 keyboard as /devices/platform/i8042/serio0/input/input0
[    1.302653] rtc_cmos PNP0B00:00: registered as rtc0
[    1.303366] rtc_cmos PNP0B00:00: setting system clock to 2026-09-22T04:56:00 UTC (1790052960)
[    1.304913] rtc_cmos PNP0B00:00: alarms up to one day, y3k, 242 bytes nvram, hpet irqs
[    1.305434] amd_pstate: the _CPC object is not present in SBIOS or ACPI disabled
[    1.311425] gre: GRE over IPv4 demultiplexer driver
[    1.312535] NET: Registered PF_INET6 protocol family
[    1.331349] Segment Routing with IPv6
[    1.331741] In-situ OAM (IOAM) with IPv6
[    1.341029] Key type dns_resolver registered
[    1.342592] IPI shorthand broadcast: enabled
[    1.357382] sched_clock: Marking stable (1299522597, 57418634)->(1646475499, -289534268)
[    1.401877] registered taskstats version 1
[    1.405318] Loading compiled-in X.509 certificates
[    1.460784] ata2: found unknown device (class 0)
[    1.473690] ata2.00: ATAPI: QEMU DVD-ROM, 2.5+, max UDMA/100
[    1.505435] scsi 1:0:0:0: CD-ROM            QEMU     QEMU DVD-ROM     2.5+ PQ: 0 ANSI: 5
[    1.670598] Freeing initrd memory: 9432K
[    1.845687] Loaded X.509 cert 'alpinelinux.org: Alpine Linux kernel key: d76a695f66ad9cd28f5c22a8508f36e91f521f7a'
[    1.863232] Demotion targets for Node 0: null
[    1.865968] Key type .fscrypt registered
[    1.866173] Key type fscrypt-provisioning registered
[    1.977197] Freeing unused kernel image (initmem) memory: 3008K
[    1.977834] Write protecting the kernel read-only data: 26624k
[    1.981268] Freeing unused kernel image (text/rodata gap) memory: 1692K
[    1.982025] Freeing unused kernel image (rodata/data gap) memory: 368K
[    1.982938] rodata_test: all tests were successful
[    1.983311] Run /init as init process
/init: line 3: mount: not found
/init: line 4: mount: not found
/init: line 5: mount: not found
CUSTOM_INIT_BEGIN
/init: line 7: ls: not found
/init: line 8: mkdir: not found
/init: line 9: mount: not found
MOUNT_FAILED
/bin/sh: can't access tty; job control turned off
~ # [6n[    2.126396] tsc: Refined TSC clocksource calibration: 2995.200 MHz
[    2.126995] clocksource: tsc: mask: 0xffffffffffffffff max_cycles: 0x2b2c8ec87c7, max_idle_ns: 440795278598 ns
[    2.127589] clocksource: Switched to clocksource tsc
