[    0.000000] Linux version 6.18.52-0-virt (buildozer@build-3-24-x86_64) (cc (Alpine 15.2.0) 15.2.0, GNU ld (GNU Binutils) 2.45.1) #1-Alpine SMP PREEMPT_DYNAMIC 2026-09-15 05:37:48
[    0.000000] Command line: console=ttyS0 root=/dev/vda rw init=/bin/busybox
[    0.000000] BIOS-provided physical RAM map:
[    0.000000] BIOS-e820: [mem 0x0000000000000000-0x000000000009fbff] usable
[    0.000000] BIOS-e820: [mem 0x000000000009fc00-0x000000000009ffff] reserved
[    0.000000] BIOS-e820: [mem 0x00000000000f0000-0x00000000000fffff] reserved
[    0.000000] BIOS-e820: [mem 0x0000000000100000-0x000000003ffdcfff] usable
[    0.000000] BIOS-e820: [mem 0x000000003ffdd000-0x000000003fffffff] reserved
[    0.000000] BIOS-e820: [mem 0x00000000fffc0000-0x00000000ffffffff] reserved
[    0.000000] BIOS-e820: [mem 0x000000fd00000000-0x000000ffffffffff] reserved
[    0.000000] NX (Execute Disable) protection: active
[    0.000000] APIC: Static calls initialized
[    0.000000] SMBIOS 2.8 present.
[    0.000000] DMI: QEMU Standard PC (i440FX + PIIX, 1996), BIOS rel-1.17.0-0-gb52ca86e094d-prebuilt.qemu.org 04/01/2014
[    0.000000] DMI: Memory slots populated: 1/1
[    0.000000] tsc: Fast TSC calibration using PIT
[    0.000000] tsc: Detected 2995.283 MHz processor
[    0.010628] last_pfn = 0x3ffdd max_arch_pfn = 0x400000000
[    0.011867] MTRR map: 4 entries (3 fixed + 1 variable; max 19), built from 8 variable MTRRs
[    0.012183] x86/PAT: Configuration [0-7]: WB  WC  UC- UC  WB  WP  UC- WT  
[    0.035909] found SMP MP-table at [mem 0x000f54b0-0x000f54bf]
[    0.043853] ACPI: Early table checksum verification disabled
[    0.044426] ACPI: RSDP 0x00000000000F52D0 000014 (v00 BOCHS )
[    0.044912] ACPI: RSDT 0x000000003FFE232F 000034 (v01 BOCHS  BXPC     00000001 BXPC 00000001)
[    0.045735] ACPI: FACP 0x000000003FFE21E3 000074 (v01 BOCHS  BXPC     00000001 BXPC 00000001)
[    0.046613] ACPI: DSDT 0x000000003FFE0040 0021A3 (v01 BOCHS  BXPC     00000001 BXPC 00000001)
[    0.046706] ACPI: FACS 0x000000003FFE0000 000040
[    0.046790] ACPI: APIC 0x000000003FFE2257 000078 (v03 BOCHS  BXPC     00000001 BXPC 00000001)
[    0.046839] ACPI: HPET 0x000000003FFE22CF 000038 (v01 BOCHS  BXPC     00000001 BXPC 00000001)
[    0.046858] ACPI: WAET 0x000000003FFE2307 000028 (v01 BOCHS  BXPC     00000001 BXPC 00000001)
[    0.047003] ACPI: Reserving FACP table memory at [mem 0x3ffe21e3-0x3ffe2256]
[    0.047055] ACPI: Reserving DSDT table memory at [mem 0x3ffe0040-0x3ffe21e2]
[    0.047064] ACPI: Reserving FACS table memory at [mem 0x3ffe0000-0x3ffe003f]
[    0.047069] ACPI: Reserving APIC table memory at [mem 0x3ffe2257-0x3ffe22ce]
[    0.047074] ACPI: Reserving HPET table memory at [mem 0x3ffe22cf-0x3ffe2306]
[    0.047079] ACPI: Reserving WAET table memory at [mem 0x3ffe2307-0x3ffe232e]
[    0.051099] No NUMA configuration found
[    0.051124] Faking a node at [mem 0x0000000000000000-0x000000003ffdcfff]
[    0.052193] NODE_DATA(0) allocated [mem 0x3ffd8d40-0x3ffdcfff]
[    0.056317] Zone ranges:
[    0.056364]   DMA      [mem 0x0000000000001000-0x0000000000ffffff]
[    0.056481]   DMA32    [mem 0x0000000001000000-0x000000003ffdcfff]
[    0.056494]   Normal   empty
[    0.056533] Movable zone start for each node
[    0.056594] Early memory node ranges
[    0.056634]   node   0: [mem 0x0000000000001000-0x000000000009efff]
[    0.056993]   node   0: [mem 0x0000000000100000-0x000000003ffdcfff]
[    0.057227] Initmem setup node 0 [mem 0x0000000000001000-0x000000003ffdcfff]
[    0.059445] On node 0, zone DMA: 1 pages in unavailable ranges
[    0.059785] On node 0, zone DMA: 97 pages in unavailable ranges
[    0.074818] On node 0, zone DMA32: 35 pages in unavailable ranges
[    0.075705] ACPI: PM-Timer IO Port: 0x608
[    0.076408] ACPI: LAPIC_NMI (acpi_id[0xff] dfl dfl lint[0x1])
[    0.076978] IOAPIC[0]: apic_id 0, version 32, address 0xfec00000, GSI 0-23
[    0.077206] ACPI: INT_SRC_OVR (bus 0 bus_irq 0 global_irq 2 dfl dfl)
[    0.077625] ACPI: INT_SRC_OVR (bus 0 bus_irq 5 global_irq 5 high level)
[    0.077694] ACPI: INT_SRC_OVR (bus 0 bus_irq 9 global_irq 9 high level)
[    0.077869] ACPI: INT_SRC_OVR (bus 0 bus_irq 10 global_irq 10 high level)
[    0.077877] ACPI: INT_SRC_OVR (bus 0 bus_irq 11 global_irq 11 high level)
[    0.078220] ACPI: Using ACPI (MADT) for SMP configuration information
[    0.078292] ACPI: HPET id: 0x8086a201 base: 0xfed00000
[    0.078915] CPU topo: Max. logical packages:   1
[    0.078929] CPU topo: Max. logical dies:       1
[    0.078940] CPU topo: Max. dies per package:   1
[    0.078998] CPU topo: Max. threads per core:   1
[    0.079194] CPU topo: Num. cores per package:     1
[    0.079211] CPU topo: Num. threads per package:   1
[    0.079221] CPU topo: Allowing 1 present CPUs plus 0 hotplug CPUs
[    0.080702] [mem 0x40000000-0xfffbffff] available for PCI devices
[    0.080802] Booting paravirtualized kernel on bare hardware
[    0.081113] clocksource: refined-jiffies: mask: 0xffffffff max_cycles: 0xffffffff, max_idle_ns: 1910969940391419 ns
[    0.089836] setup_percpu: NR_CPUS:256 nr_cpumask_bits:1 nr_cpu_ids:1 nr_node_ids:1
[    0.092303] percpu: Embedded 55 pages/cpu s186200 r8192 d30888 u2097152
[    0.095216] Kernel command line: console=ttyS0 root=/dev/vda rw init=/bin/busybox
[    0.097192] printk: log buffer data + meta data: 131072 + 458752 = 589824 bytes
[    0.097842] Dentry cache hash table entries: 131072 (order: 8, 1048576 bytes, linear)
[    0.098181] Inode-cache hash table entries: 65536 (order: 7, 524288 bytes, linear)
[    0.103068] Fallback order for Node 0: 0 
[    0.103491] Built 1 zonelists, mobility grouping on.  Total pages: 262011
[    0.103518] Policy zone: DMA32
[    0.105276] mem auto-init: stack:all(zero), heap alloc:on, heap free:off
[    0.151766] SLUB: HWalign=64, Order=0-3, MinObjects=0, CPUs=1, Nodes=1
[    0.170433] Dynamic Preempt: none
[    0.177275] rcu: Preemptible hierarchical RCU implementation.
[    0.177360] rcu: 	RCU restricting CPUs from NR_CPUS=256 to nr_cpu_ids=1.
[    0.177854] 	Trampoline variant of Tasks RCU enabled.
[    0.177883] 	Tracing variant of Tasks RCU enabled.
[    0.178107] rcu: RCU calculated value of scheduler-enlistment delay is 100 jiffies.
[    0.178175] rcu: Adjusting geometry for rcu_fanout_leaf=16, nr_cpu_ids=1
[    0.180808] RCU Tasks: Setting shift to 0 and lim to 1 rcu_task_cb_adjust=1 rcu_task_cpu_ids=1.
[    0.180856] RCU Tasks Trace: Setting shift to 0 and lim to 1 rcu_task_cb_adjust=1 rcu_task_cpu_ids=1.
[    0.228686] NR_IRQS: 16640, nr_irqs: 256, preallocated irqs: 16
[    0.243355] rcu: srcu_init: Setting srcu_struct sizes based on contention.
[    0.244639] clocksource: jiffies: mask: 0xffffffff max_cycles: 0xffffffff, max_idle_ns: 1911260446275000 ns
[    0.250293] kfence: initialized - using 2097152 bytes for 255 objects at 0x(____ptrval____)-0x(____ptrval____)
[    0.258811] Console: colour VGA+ 80x25
[    0.261763] printk: legacy console [ttyS0] enabled
[    0.280279] ACPI: Core revision 20250807
[    0.287546] clocksource: hpet: mask: 0xffffffff max_cycles: 0xffffffff, max_idle_ns: 19112604467 ns
[    0.290692] APIC: Switch to symmetric I/O mode setup
[    0.304122] ..TIMER: vector=0x30 apic1=0 pin1=2 apic2=-1 pin2=-1
[    0.314098] clocksource: tsc-early: mask: 0xffffffffffffffff max_cycles: 0x2b2cdd83890, max_idle_ns: 440795253108 ns
[    0.314903] Calibrating delay loop (skipped), value calculated using timer frequency.. 5990.56 BogoMIPS (lpj=2995283)
[    0.317221] Last level iTLB entries: 4KB 512, 2MB 255, 4MB 127
[    0.317370] Last level dTLB entries: 4KB 512, 2MB 255, 4MB 127, 1GB 0
[    0.317963] mitigations: Enabled attack vectors: user_kernel, user_user, guest_host, guest_guest, SMT mitigations: auto
[    0.318987] Spectre V2 : Mitigation: Retpolines
[    0.319368] Spectre V1 : Mitigation: usercopy/swapgs barriers and __user pointer sanitization
[    0.319812] Spectre V2 : Spectre v2 / SpectreRSB: Filling RSB on context switch and VMEXIT
[    0.323781] x86/fpu: x87 FPU will use FXSAVE
[    0.615558] Freeing SMP alternatives memory: 40K
[    0.617072] pid_max: default: 32768 minimum: 301
[    0.630558] LSM: initializing lsm=lockdown,capability,landlock,yama
[    0.634129] landlock: Up and running.
[    0.634297] Yama: becoming mindful.
[    0.638558] Mount-cache hash table entries: 2048 (order: 2, 16384 bytes, linear)
[    0.638678] Mountpoint-cache hash table entries: 2048 (order: 2, 16384 bytes, linear)
[    0.749558] smpboot: CPU0: AMD QEMU Virtual CPU version 2.5+ (family: 0xf, model: 0x6b, stepping: 0x1)
[    0.762042] Performance Events: PMU not available due to virtualization, using software events only.
[    0.763102] signal: max sigframe size: 1440
[    0.766159] rcu: Hierarchical SRCU implementation.
[    0.766382] rcu: 	Max phase no-delay instances is 400.
[    0.771530] NMI watchdog: Perf NMI watchdog permanently disabled
[    0.775986] smp: Bringing up secondary CPUs ...
[    0.778558] smp: Brought up 1 node, 1 CPU
[    0.778684] smpboot: Total of 1 processors activated (5990.56 BogoMIPS)
[    0.788849] Memory: 986300K/1048044K available (14690K kernel code, 2033K rwdata, 9872K rodata, 3008K init, 1148K bss, 58068K reserved, 0K cma-reserved)
[    0.798935] devtmpfs: initialized
[    0.805558] x86/mm: Memory block size: 128MB
[    0.817397] posixtimers hash table entries: 512 (order: 1, 8192 bytes, linear)
[    0.818250] futex hash table entries: 256 (16384 bytes on 1 NUMA nodes, total 16 KiB, linear).
[    0.835240] NET: Registered PF_NETLINK/PF_ROUTE protocol family
[    0.839507] audit: initializing netlink subsys (disabled)
[    0.843875] thermal_sys: Registered thermal governor 'step_wise'
[    0.844558] audit: type=2000 audit(1790052279.537:1): state=initialized audit_enabled=0 res=1
[    0.845500] cpuidle: using governor ladder
[    0.845558] cpuidle: using governor menu
[    0.848558] acpiphp: ACPI Hot Plug PCI Controller Driver version: 0.5
[    0.851339] PCI: Using configuration type 1 for base access
[    0.855444] kprobes: kprobe jump-optimization is enabled. All kprobes are optimized if possible.
[    0.859242] HugeTLB: registered 2.00 MiB page size, pre-allocated 0 pages
[    0.859476] HugeTLB: 28 KiB vmemmap can be freed for a 2.00 MiB page
[    0.874451] ACPI: Added _OSI(Module Device)
[    0.874558] ACPI: Added _OSI(Processor Device)
[    0.874558] ACPI: Added _OSI(Processor Aggregator Device)
[    0.883843] ACPI: 1 ACPI AML tables successfully acquired and loaded
[    0.917558] ACPI: Interpreter enabled
[    0.918381] ACPI: PM: (supports S0 S3 S5)
[    0.918551] ACPI: Using IOAPIC for interrupt routing
[    0.918915] PCI: Using host bridge windows from ACPI; if necessary, use "pci=nocrs" and report a bug
[    0.919140] PCI: Using E820 reservations for host bridge windows
[    0.921126] ACPI: Enabled 2 GPEs in block 00 to 0F
[    0.968372] ACPI: PCI Root Bridge [PCI0] (domain 0000 [bus 00-ff])
[    0.969738] acpi PNP0A03:00: _OSC: OS supports [ASPM ClockPM Segments MSI HPX-Type3]
[    0.970159] acpi PNP0A03:00: _OSC: not requesting OS control; OS requires [ExtendedConfig ASPM ClockPM MSI]
[    0.970558] acpi PNP0A03:00: fail to add MMCONFIG information, can't access extended configuration space under this bridge
[    0.977752] acpiphp: Slot [3] registered
[    0.978008] acpiphp: Slot [4] registered
[    0.978160] acpiphp: Slot [5] registered
[    0.978311] acpiphp: Slot [6] registered
[    0.978483] acpiphp: Slot [7] registered
[    0.978558] acpiphp: Slot [8] registered
[    0.978558] acpiphp: Slot [9] registered
[    0.978558] acpiphp: Slot [10] registered
[    0.978724] acpiphp: Slot [11] registered
[    0.978949] acpiphp: Slot [12] registered
[    0.979160] acpiphp: Slot [13] registered
[    0.979372] acpiphp: Slot [14] registered
[    0.979558] acpiphp: Slot [15] registered
[    0.979558] acpiphp: Slot [16] registered
[    0.979558] acpiphp: Slot [17] registered
[    0.979558] acpiphp: Slot [18] registered
[    0.979558] acpiphp: Slot [19] registered
[    0.979558] acpiphp: Slot [20] registered
[    0.979558] acpiphp: Slot [21] registered
[    0.979558] acpiphp: Slot [22] registered
[    0.979558] acpiphp: Slot [23] registered
[    0.979558] acpiphp: Slot [24] registered
[    0.979558] acpiphp: Slot [25] registered
[    0.979558] acpiphp: Slot [26] registered
[    0.979558] acpiphp: Slot [27] registered
[    0.979558] acpiphp: Slot [28] registered
[    0.979558] acpiphp: Slot [29] registered
[    0.979641] acpiphp: Slot [30] registered
[    0.979774] acpiphp: Slot [31] registered
[    0.980197] PCI host bridge to bus 0000:00
[    0.980558] pci_bus 0000:00: root bus resource [io  0x0000-0x0cf7 window]
[    0.980558] pci_bus 0000:00: root bus resource [io  0x0d00-0xffff window]
[    0.980572] pci_bus 0000:00: root bus resource [mem 0x000a0000-0x000bffff window]
[    0.980757] pci_bus 0000:00: root bus resource [mem 0x40000000-0xfebfffff window]
[    0.980894] pci_bus 0000:00: root bus resource [mem 0x100000000-0x17fffffff window]
[    0.981219] pci_bus 0000:00: root bus resource [bus 00-ff]
[    0.982558] pci 0000:00:00.0: [8086:1237] type 00 class 0x060000 conventional PCI endpoint
[    0.987946] pci 0000:00:01.0: [8086:7000] type 00 class 0x060100 conventional PCI endpoint
[    0.989111] pci 0000:00:01.1: [8086:7010] type 00 class 0x010180 conventional PCI endpoint
[    0.989558] pci 0000:00:01.1: BAR 4 [io  0xc0c0-0xc0cf]
[    0.989558] pci 0000:00:01.1: BAR 0 [io  0x01f0-0x01f7]: legacy IDE quirk
[    0.989558] pci 0000:00:01.1: BAR 1 [io  0x03f6]: legacy IDE quirk
[    0.989558] pci 0000:00:01.1: BAR 2 [io  0x0170-0x0177]: legacy IDE quirk
[    0.989558] pci 0000:00:01.1: BAR 3 [io  0x0376]: legacy IDE quirk
[    0.990006] pci 0000:00:01.3: [8086:7113] type 00 class 0x068000 conventional PCI endpoint
[    0.990611] pci 0000:00:01.3: quirk: [io  0x0600-0x063f] claimed by PIIX4 ACPI
[    0.990800] pci 0000:00:01.3: quirk: [io  0x0700-0x070f] claimed by PIIX4 SMB
[    0.991485] pci 0000:00:02.0: [1234:1111] type 00 class 0x030000 conventional PCI endpoint
[    0.991558] pci 0000:00:02.0: BAR 0 [mem 0xfd000000-0xfdffffff pref]
[    0.991558] pci 0000:00:02.0: BAR 2 [mem 0xfebf0000-0xfebf0fff]
[    0.991591] pci 0000:00:02.0: ROM [mem 0xfebe0000-0xfebeffff pref]
[    0.991976] pci 0000:00:02.0: Video device with shadowed ROM at [mem 0x000c0000-0x000dffff]
[    0.992558] pci 0000:00:03.0: [8086:100e] type 00 class 0x020000 conventional PCI endpoint
[    0.992888] pci 0000:00:03.0: BAR 0 [mem 0xfebc0000-0xfebdffff]
[    0.993034] pci 0000:00:03.0: BAR 1 [io  0xc080-0xc0bf]
[    0.993140] pci 0000:00:03.0: ROM [mem 0xfeb80000-0xfebbffff pref]
[    0.996034] pci 0000:00:04.0: [1af4:1001] type 00 class 0x010000 conventional PCI endpoint
[    0.996610] pci 0000:00:04.0: BAR 0 [io  0xc000-0xc07f]
[    0.996749] pci 0000:00:04.0: BAR 1 [mem 0xfebf1000-0xfebf1fff]
[    0.996913] pci 0000:00:04.0: BAR 4 [mem 0xfe000000-0xfe003fff 64bit pref]
[    1.003628] ACPI: PCI: Interrupt link LNKA configured for IRQ 10
[    1.004370] ACPI: PCI: Interrupt link LNKB configured for IRQ 10
[    1.004558] ACPI: PCI: Interrupt link LNKC configured for IRQ 11
[    1.004717] ACPI: PCI: Interrupt link LNKD configured for IRQ 11
[    1.004964] ACPI: PCI: Interrupt link LNKS configured for IRQ 9
[    1.008897] iommu: Default domain type: Translated
[    1.009062] iommu: DMA domain TLB invalidation policy: lazy mode
[    1.013123] SCSI subsystem initialized
[    1.014328] pps_core: LinuxPPS API ver. 1 registered
[    1.014453] pps_core: Software ver. 5.3.6 - Copyright 2005-2007 Rodolfo Giometti <giometti@linux.it>
[    1.014670] PTP clock support registered
[    1.025133] PCI: Using ACPI for IRQ routing
[    1.028558] hpet: 3 channels of 0 reserved for per-cpu timers
[    1.029658] clocksource: Switched to clocksource tsc-early
[    1.036665] VFS: Disk quotas dquot_6.6.0
[    1.037418] VFS: Dquot-cache hash table entries: 512 (order 0, 4096 bytes)
[    1.046617] pnp: PnP ACPI init
[    1.050085] ACPI: IRQ 4 override to edge(!), high(!)
[    1.051129] pnp: PnP ACPI: found 5 devices
[    1.087578] clocksource: acpi_pm: mask: 0xffffff max_cycles: 0xffffff, max_idle_ns: 2085701024 ns
[    1.089587] NET: Registered PF_INET protocol family
[    1.090247] IP idents hash table entries: 16384 (order: 5, 131072 bytes, linear)
[    1.144295] tcp_listen_portaddr_hash hash table entries: 512 (order: 1, 8192 bytes, linear)
[    1.144641] Table-perturb hash table entries: 65536 (order: 6, 262144 bytes, linear)
[    1.144889] TCP established hash table entries: 8192 (order: 4, 65536 bytes, linear)
[    1.144889] TCP bind hash table entries: 8192 (order: 6, 262144 bytes, linear)
[    1.144889] TCP: Hash tables configured (established 8192 bind 8192)
[    1.147801] MPTCP token hash table entries: 1024 (order: 3, 24576 bytes, linear)
[    1.148383] UDP hash table entries: 512 (order: 3, 32768 bytes, linear)
[    1.148848] UDP-Lite hash table entries: 512 (order: 3, 32768 bytes, linear)
[    1.150969] NET: Registered PF_UNIX/PF_LOCAL protocol family
[    1.151284] NET: Registered PF_XDP protocol family
[    1.153310] pci_bus 0000:00: resource 4 [io  0x0000-0x0cf7 window]
[    1.153500] pci_bus 0000:00: resource 5 [io  0x0d00-0xffff window]
[    1.153634] pci_bus 0000:00: resource 6 [mem 0x000a0000-0x000bffff window]
[    1.153772] pci_bus 0000:00: resource 7 [mem 0x40000000-0xfebfffff window]
[    1.153945] pci_bus 0000:00: resource 8 [mem 0x100000000-0x17fffffff window]
[    1.154800] pci 0000:00:01.0: PIIX3: Enabling Passive Release
[    1.154800] pci 0000:00:00.0: Limiting direct PCI/PCI transfers
[    1.154800] PCI: CLS 0 bytes, default 64
[    1.164798] Initialise system trusted keyrings
[    1.187315] workingset: timestamp_bits=40 max_order=18 bucket_order=0
[    1.192099] Key type asymmetric registered
[    1.192351] Asymmetric key parser 'x509' registered
[    1.192873] Block layer SCSI generic (bsg) driver version 0.4 loaded (major 247)
[    1.194113] io scheduler mq-deadline registered
[    1.194935] io scheduler kyber registered
[    1.195336] io scheduler bfq registered
[    1.205066] ERST DBG: ERST support is disabled.
[    1.212953] ACPI: \_SB_.LNKD: Enabled at IRQ 11
[    1.220309] Serial: 8250/16550 driver, 4 ports, IRQ sharing enabled
[    1.225621] 00:04: ttyS0 at I/O 0x3f8 (irq = 4, base_baud = 115200) is a 16550A
[    1.241117] VMware PVSCSI driver - version 1.0.7.0-k
[    1.253350] scsi host0: ata_piix
[    1.258743] scsi host1: ata_piix
[    1.259832] ata1: PATA max MWDMA2 cmd 0x1f0 ctl 0x3f6 bmdma 0xc0c0 irq 14 lpm-pol 0
[    1.260052] ata2: PATA max MWDMA2 cmd 0x170 ctl 0x376 bmdma 0xc0c8 irq 15 lpm-pol 0
[    1.260052] hv_vmbus: registering driver hv_netvsc
[    1.263238] i8042: PNP: PS/2 Controller [PNP0303:KBD,PNP0f13:MOU] at 0x60,0x64 irq 1,12
[    1.267990] serio: i8042 KBD port at 0x60,0x64 irq 1
[    1.268376] serio: i8042 AUX port at 0x60,0x64 irq 12
[    1.268376] hv_vmbus: registering driver hyperv_keyboard
[    1.270339] rtc_cmos PNP0B00:00: RTC can wake from S4
[    1.279402] input: AT Translated Set 2 keyboard as /devices/platform/i8042/serio0/input/input0
[    1.294895] rtc_cmos PNP0B00:00: registered as rtc0
[    1.295992] rtc_cmos PNP0B00:00: setting system clock to 2026-09-22T04:44:41 UTC (1790052281)
[    1.297980] rtc_cmos PNP0B00:00: alarms up to one day, y3k, 242 bytes nvram, hpet irqs
[    1.298250] amd_pstate: the _CPC object is not present in SBIOS or ACPI disabled
[    1.304042] gre: GRE over IPv4 demultiplexer driver
[    1.305773] NET: Registered PF_INET6 protocol family
[    1.316918] Segment Routing with IPv6
[    1.317281] In-situ OAM (IOAM) with IPv6
[    1.323213] Key type dns_resolver registered
[    1.324841] IPI shorthand broadcast: enabled
[    1.338498] sched_clock: Marking stable (1279767463, 58309000)->(1640485302, -302408839)
[    1.381529] registered taskstats version 1
[    1.385097] Loading compiled-in X.509 certificates
[    1.406172] Loaded X.509 cert 'alpinelinux.org: Alpine Linux kernel key: d76a695f66ad9cd28f5c22a8508f36e91f521f7a'
[    1.422883] Demotion targets for Node 0: null
[    1.424754] Key type .fscrypt registered
[    1.424884] Key type fscrypt-provisioning registered
[    1.451815] ata2: found unknown device (class 0)
[    1.460234] ata2.00: ATAPI: QEMU DVD-ROM, 2.5+, max UDMA/100
[    1.482594] check access for rdinit=/init failed: -2, ignoring
[    1.484884] scsi 1:0:0:0: CD-ROM            QEMU     QEMU DVD-ROM     2.5+ PQ: 0 ANSI: 5
[    1.498298] md: Skipping autodetection of RAID arrays. (raid=autodetect will force)
[    1.499821] List of all partitions:
[    1.500008] No filesystem could mount root, tried: 
[    1.500028] 
[    1.500390] Kernel panic - not syncing: VFS: Unable to mount root fs on "/dev/vda" or unknown-block(0,0)
[    1.501160] CPU: 0 UID: 0 PID: 1 Comm: swapper/0 Not tainted 6.18.52-0-virt #1-Alpine PREEMPT(none) 
[    1.501434] Hardware name: QEMU Standard PC (i440FX + PIIX, 1996), BIOS rel-1.17.0-0-gb52ca86e094d-prebuilt.qemu.org 04/01/2014
[    1.501795] Call Trace:
[    1.501946]  <TASK>
[    1.502478]  dump_stack_lvl+0x5d/0x90
[    1.502988]  vpanic+0xd6/0x2d0
[    1.503064]  panic+0x66/0x66
[    1.503133]  mount_root_generic+0x379/0x3a0
[    1.503230]  prepare_namespace+0x3fe/0x470
[    1.503322]  kernel_init_freeable+0x387/0x3c0
[    1.503414]  ? __pfx_kernel_init+0x10/0x10
[    1.503505]  kernel_init+0x15/0x130
[    1.503583]  ret_from_fork+0x243/0x270
[    1.503670]  ? __pfx_kernel_init+0x10/0x10
[    1.503757]  ret_from_fork_asm+0x1a/0x30
[    1.503897]  </TASK>
[    1.504731] Kernel Offset: 0x12000000 from 0xffffffff81000000 (relocation range: 0xffffffff80000000-0xffffffffbfffffff)
[    1.505339] ---[ end Kernel panic - not syncing: VFS: Unable to mount root fs on "/dev/vda" or unknown-block(0,0) ]---
