[    0.000000] Linux version 6.18.52-0-virt (buildozer@build-3-24-x86_64) (cc (Alpine 15.2.0) 15.2.0, GNU ld (GNU Binutils) 2.45.1) #1-Alpine SMP PREEMPT_DYNAMIC 2026-09-15 05:37:48
[    0.000000] Command line: console=ttyS0
[    0.000000] BIOS-provided physical RAM map:
[    0.000000] BIOS-e820: [mem 0x0000000000000000-0x000000000009fbff] usable
[    0.000000] BIOS-e820: [mem 0x000000000009fc00-0x000000000009ffff] reserved
[    0.000000] BIOS-e820: [mem 0x00000000000f0000-0x00000000000fffff] reserved
[    0.000000] BIOS-e820: [mem 0x0000000000100000-0x000000003ffdcfff] usable
[    0.000000] BIOS-e820: [mem 0x000000003ffdd000-0x000000003fffffff] reserved
[    0.000000] BIOS-e820: [mem 0x00000000fffc0000-0x00000000ffffffff] reserved
[    0.000000] BIOS-e820: [mem 0x000000fd00000000-0x000000ffffffffff] reserved
[    0.000000] NX (Execute Disable) protection: active
[    0.000000] APIC: Static calls initialized
[    0.000000] SMBIOS 2.8 present.
[    0.000000] DMI: QEMU Standard PC (i440FX + PIIX, 1996), BIOS rel-1.17.0-0-gb52ca86e094d-prebuilt.qemu.org 04/01/2014
[    0.000000] DMI: Memory slots populated: 1/1
[    0.000000] tsc: Fast TSC calibration using PIT
[    0.000000] tsc: Detected 2995.226 MHz processor
[    0.010396] last_pfn = 0x3ffdd max_arch_pfn = 0x400000000
[    0.011610] MTRR map: 4 entries (3 fixed + 1 variable; max 19), built from 8 variable MTRRs
[    0.011902] x86/PAT: Configuration [0-7]: WB  WC  UC- UC  WB  WP  UC- WT  
[    0.031558] found SMP MP-table at [mem 0x000f54b0-0x000f54bf]
[    0.038312] RAMDISK: [mem 0x3f69b000-0x3ffcffff]
[    0.038675] ACPI: Early table checksum verification disabled
[    0.039172] ACPI: RSDP 0x00000000000F52D0 000014 (v00 BOCHS )
[    0.039615] ACPI: RSDT 0x000000003FFE232F 000034 (v01 BOCHS  BXPC     00000001 BXPC 00000001)
[    0.040374] ACPI: FACP 0x000000003FFE21E3 000074 (v01 BOCHS  BXPC     00000001 BXPC 00000001)
[    0.041141] ACPI: DSDT 0x000000003FFE0040 0021A3 (v01 BOCHS  BXPC     00000001 BXPC 00000001)
[    0.041224] ACPI: FACS 0x000000003FFE0000 000040
[    0.041297] ACPI: APIC 0x000000003FFE2257 000078 (v03 BOCHS  BXPC     00000001 BXPC 00000001)
[    0.041340] ACPI: HPET 0x000000003FFE22CF 000038 (v01 BOCHS  BXPC     00000001 BXPC 00000001)
[    0.041357] ACPI: WAET 0x000000003FFE2307 000028 (v01 BOCHS  BXPC     00000001 BXPC 00000001)
[    0.041489] ACPI: Reserving FACP table memory at [mem 0x3ffe21e3-0x3ffe2256]
[    0.041532] ACPI: Reserving DSDT table memory at [mem 0x3ffe0040-0x3ffe21e2]
[    0.041539] ACPI: Reserving FACS table memory at [mem 0x3ffe0000-0x3ffe003f]
[    0.041546] ACPI: Reserving APIC table memory at [mem 0x3ffe2257-0x3ffe22ce]
[    0.041551] ACPI: Reserving HPET table memory at [mem 0x3ffe22cf-0x3ffe2306]
[    0.041556] ACPI: Reserving WAET table memory at [mem 0x3ffe2307-0x3ffe232e]
[    0.045505] No NUMA configuration found
[    0.045529] Faking a node at [mem 0x0000000000000000-0x000000003ffdcfff]
[    0.046623] NODE_DATA(0) allocated [mem 0x3ffd8d40-0x3ffdcfff]
[    0.050893] Zone ranges:
[    0.050932]   DMA      [mem 0x0000000000001000-0x0000000000ffffff]
[    0.051035]   DMA32    [mem 0x0000000001000000-0x000000003ffdcfff]
[    0.051047]   Normal   empty
[    0.051080] Movable zone start for each node
[    0.051131] Early memory node ranges
[    0.051167]   node   0: [mem 0x0000000000001000-0x000000000009efff]
[    0.051419]   node   0: [mem 0x0000000000100000-0x000000003ffdcfff]
[    0.051621] Initmem setup node 0 [mem 0x0000000000001000-0x000000003ffdcfff]
[    0.053539] On node 0, zone DMA: 1 pages in unavailable ranges
[    0.053842] On node 0, zone DMA: 97 pages in unavailable ranges
[    0.070843] On node 0, zone DMA32: 35 pages in unavailable ranges
[    0.072077] ACPI: PM-Timer IO Port: 0x608
[    0.073039] ACPI: LAPIC_NMI (acpi_id[0xff] dfl dfl lint[0x1])
[    0.073828] IOAPIC[0]: apic_id 0, version 32, address 0xfec00000, GSI 0-23
[    0.074094] ACPI: INT_SRC_OVR (bus 0 bus_irq 0 global_irq 2 dfl dfl)
[    0.074678] ACPI: INT_SRC_OVR (bus 0 bus_irq 5 global_irq 5 high level)
[    0.074774] ACPI: INT_SRC_OVR (bus 0 bus_irq 9 global_irq 9 high level)
[    0.075008] ACPI: INT_SRC_OVR (bus 0 bus_irq 10 global_irq 10 high level)
[    0.075023] ACPI: INT_SRC_OVR (bus 0 bus_irq 11 global_irq 11 high level)
[    0.075499] ACPI: Using ACPI (MADT) for SMP configuration information
[    0.075602] ACPI: HPET id: 0x8086a201 base: 0xfed00000
[    0.076476] CPU topo: Max. logical packages:   1
[    0.076497] CPU topo: Max. logical dies:       1
[    0.076511] CPU topo: Max. dies per package:   1
[    0.076592] CPU topo: Max. threads per core:   1
[    0.076864] CPU topo: Num. cores per package:     1
[    0.076904] CPU topo: Num. threads per package:   1
[    0.076918] CPU topo: Allowing 1 present CPUs plus 0 hotplug CPUs
[    0.079251] [mem 0x40000000-0xfffbffff] available for PCI devices
[    0.079414] Booting paravirtualized kernel on bare hardware
[    0.079907] clocksource: refined-jiffies: mask: 0xffffffff max_cycles: 0xffffffff, max_idle_ns: 1910969940391419 ns
[    0.089723] setup_percpu: NR_CPUS:256 nr_cpumask_bits:1 nr_cpu_ids:1 nr_node_ids:1
[    0.092097] percpu: Embedded 55 pages/cpu s186200 r8192 d30888 u2097152
[    0.095152] Kernel command line: console=ttyS0
[    0.096910] printk: log buffer data + meta data: 131072 + 458752 = 589824 bytes
[    0.097404] Dentry cache hash table entries: 131072 (order: 8, 1048576 bytes, linear)
[    0.097810] Inode-cache hash table entries: 65536 (order: 7, 524288 bytes, linear)
[    0.102721] Fallback order for Node 0: 0 
[    0.103135] Built 1 zonelists, mobility grouping on.  Total pages: 262011
[    0.103159] Policy zone: DMA32
[    0.104492] mem auto-init: stack:all(zero), heap alloc:on, heap free:off
[    0.150417] SLUB: HWalign=64, Order=0-3, MinObjects=0, CPUs=1, Nodes=1
[    0.170235] Dynamic Preempt: none
[    0.175718] rcu: Preemptible hierarchical RCU implementation.
[    0.175796] rcu: 	RCU restricting CPUs from NR_CPUS=256 to nr_cpu_ids=1.
[    0.176259] 	Trampoline variant of Tasks RCU enabled.
[    0.176288] 	Tracing variant of Tasks RCU enabled.
[    0.176492] rcu: RCU calculated value of scheduler-enlistment delay is 100 jiffies.
[    0.176556] rcu: Adjusting geometry for rcu_fanout_leaf=16, nr_cpu_ids=1
[    0.179003] RCU Tasks: Setting shift to 0 and lim to 1 rcu_task_cb_adjust=1 rcu_task_cpu_ids=1.
[    0.179057] RCU Tasks Trace: Setting shift to 0 and lim to 1 rcu_task_cb_adjust=1 rcu_task_cpu_ids=1.
[    0.227997] NR_IRQS: 16640, nr_irqs: 256, preallocated irqs: 16
[    0.242450] rcu: srcu_init: Setting srcu_struct sizes based on contention.
[    0.243461] clocksource: jiffies: mask: 0xffffffff max_cycles: 0xffffffff, max_idle_ns: 1911260446275000 ns
[    0.249695] kfence: initialized - using 2097152 bytes for 255 objects at 0x(____ptrval____)-0x(____ptrval____)
[    0.258002] Console: colour VGA+ 80x25
[    0.260904] printk: legacy console [ttyS0] enabled
[    0.282098] ACPI: Core revision 20250807
[    0.290393] clocksource: hpet: mask: 0xffffffff max_cycles: 0xffffffff, max_idle_ns: 19112604467 ns
[    0.297159] APIC: Switch to symmetric I/O mode setup
[    0.304890] ..TIMER: vector=0x30 apic1=0 pin1=2 apic2=-1 pin2=-1
[    0.313750] clocksource: tsc-early: mask: 0xffffffffffffffff max_cycles: 0x2b2ca75b898, max_idle_ns: 440795216464 ns
[    0.315033] Calibrating delay loop (skipped), value calculated using timer frequency.. 5990.45 BogoMIPS (lpj=2995226)
[    0.316792] Last level iTLB entries: 4KB 512, 2MB 255, 4MB 127
[    0.316944] Last level dTLB entries: 4KB 512, 2MB 255, 4MB 127, 1GB 0
[    0.317483] mitigations: Enabled attack vectors: user_kernel, user_user, guest_host, guest_guest, SMT mitigations: auto
[    0.318521] Spectre V2 : Mitigation: Retpolines
[    0.318521] Spectre V1 : Mitigation: usercopy/swapgs barriers and __user pointer sanitization
[    0.318521] Spectre V2 : Spectre v2 / SpectreRSB: Filling RSB on context switch and VMEXIT
[    0.319521] x86/fpu: x87 FPU will use FXSAVE
[    0.603915] Freeing SMP alternatives memory: 40K
[    0.605521] pid_max: default: 32768 minimum: 301
[    0.616521] LSM: initializing lsm=lockdown,capability,landlock,yama
[    0.620521] landlock: Up and running.
[    0.620521] Yama: becoming mindful.
[    0.624504] Mount-cache hash table entries: 2048 (order: 2, 16384 bytes, linear)
[    0.624841] Mountpoint-cache hash table entries: 2048 (order: 2, 16384 bytes, linear)
[    0.735521] smpboot: CPU0: AMD QEMU Virtual CPU version 2.5+ (family: 0xf, model: 0x6b, stepping: 0x1)
[    0.746188] Performance Events: PMU not available due to virtualization, using software events only.
[    0.747304] signal: max sigframe size: 1440
[    0.749253] rcu: Hierarchical SRCU implementation.
[    0.749448] rcu: 	Max phase no-delay instances is 400.
[    0.754521] NMI watchdog: Perf NMI watchdog permanently disabled
[    0.758521] smp: Bringing up secondary CPUs ...
[    0.760076] smp: Brought up 1 node, 1 CPU
[    0.760387] smpboot: Total of 1 processors activated (5990.45 BogoMIPS)
[    0.766521] Memory: 976872K/1048044K available (14690K kernel code, 2033K rwdata, 9872K rodata, 3008K init, 1148K bss, 67496K reserved, 0K cma-reserved)
[    0.774152] devtmpfs: initialized
[    0.777945] x86/mm: Memory block size: 128MB
[    0.785446] posixtimers hash table entries: 512 (order: 1, 8192 bytes, linear)
[    0.785568] futex hash table entries: 256 (16384 bytes on 1 NUMA nodes, total 16 KiB, linear).
[    0.800390] NET: Registered PF_NETLINK/PF_ROUTE protocol family
[    0.803259] audit: initializing netlink subsys (disabled)
[    0.806598] thermal_sys: Registered thermal governor 'step_wise'
[    0.807521] audit: type=2000 audit(1790051860.503:1): state=initialized audit_enabled=0 res=1
[    0.808070] cpuidle: using governor ladder
[    0.808317] cpuidle: using governor menu
[    0.810394] acpiphp: ACPI Hot Plug PCI Controller Driver version: 0.5
[    0.812521] PCI: Using configuration type 1 for base access
[    0.815495] kprobes: kprobe jump-optimization is enabled. All kprobes are optimized if possible.
[    0.822866] HugeTLB: registered 2.00 MiB page size, pre-allocated 0 pages
[    0.823060] HugeTLB: 28 KiB vmemmap can be freed for a 2.00 MiB page
[    0.836258] ACPI: Added _OSI(Module Device)
[    0.836424] ACPI: Added _OSI(Processor Device)
[    0.836514] ACPI: Added _OSI(Processor Aggregator Device)
[    0.848402] ACPI: 1 ACPI AML tables successfully acquired and loaded
[    0.885948] ACPI: Interpreter enabled
[    0.886854] ACPI: PM: (supports S0 S3 S5)
[    0.887015] ACPI: Using IOAPIC for interrupt routing
[    0.888061] PCI: Using host bridge windows from ACPI; if necessary, use "pci=nocrs" and report a bug
[    0.888297] PCI: Using E820 reservations for host bridge windows
[    0.889635] ACPI: Enabled 2 GPEs in block 00 to 0F
[    0.923318] ACPI: PCI Root Bridge [PCI0] (domain 0000 [bus 00-ff])
[    0.924175] acpi PNP0A03:00: _OSC: OS supports [ASPM ClockPM Segments MSI HPX-Type3]
[    0.924632] acpi PNP0A03:00: _OSC: not requesting OS control; OS requires [ExtendedConfig ASPM ClockPM MSI]
[    0.925521] acpi PNP0A03:00: fail to add MMCONFIG information, can't access extended configuration space under this bridge
[    0.930340] acpiphp: Slot [3] registered
[    0.930570] acpiphp: Slot [4] registered
[    0.930715] acpiphp: Slot [5] registered
[    0.930869] acpiphp: Slot [6] registered
[    0.931018] acpiphp: Slot [7] registered
[    0.931163] acpiphp: Slot [8] registered
[    0.931288] acpiphp: Slot [9] registered
[    0.931430] acpiphp: Slot [10] registered
[    0.931600] acpiphp: Slot [11] registered
[    0.931729] acpiphp: Slot [12] registered
[    0.931856] acpiphp: Slot [13] registered
[    0.931980] acpiphp: Slot [14] registered
[    0.932120] acpiphp: Slot [15] registered
[    0.932249] acpiphp: Slot [16] registered
[    0.932372] acpiphp: Slot [17] registered
[    0.932493] acpiphp: Slot [18] registered
[    0.932521] acpiphp: Slot [19] registered
[    0.932521] acpiphp: Slot [20] registered
[    0.932521] acpiphp: Slot [21] registered
[    0.932521] acpiphp: Slot [22] registered
[    0.932521] acpiphp: Slot [23] registered
[    0.932521] acpiphp: Slot [24] registered
[    0.932521] acpiphp: Slot [25] registered
[    0.932521] acpiphp: Slot [26] registered
[    0.932521] acpiphp: Slot [27] registered
[    0.932521] acpiphp: Slot [28] registered
[    0.932521] acpiphp: Slot [29] registered
[    0.932552] acpiphp: Slot [30] registered
[    0.932692] acpiphp: Slot [31] registered
[    0.933274] PCI host bridge to bus 0000:00
[    0.933767] pci_bus 0000:00: root bus resource [io  0x0000-0x0cf7 window]
[    0.934065] pci_bus 0000:00: root bus resource [io  0x0d00-0xffff window]
[    0.934196] pci_bus 0000:00: root bus resource [mem 0x000a0000-0x000bffff window]
[    0.934382] pci_bus 0000:00: root bus resource [mem 0x40000000-0xfebfffff window]
[    0.934521] pci_bus 0000:00: root bus resource [mem 0x100000000-0x17fffffff window]
[    0.934521] pci_bus 0000:00: root bus resource [bus 00-ff]
[    0.935521] pci 0000:00:00.0: [8086:1237] type 00 class 0x060000 conventional PCI endpoint
[    0.939146] pci 0000:00:01.0: [8086:7000] type 00 class 0x060100 conventional PCI endpoint
[    0.939888] pci 0000:00:01.1: [8086:7010] type 00 class 0x010180 conventional PCI endpoint
[    0.940652] pci 0000:00:01.1: BAR 4 [io  0xc0c0-0xc0cf]
[    0.940854] pci 0000:00:01.1: BAR 0 [io  0x01f0-0x01f7]: legacy IDE quirk
[    0.941005] pci 0000:00:01.1: BAR 1 [io  0x03f6]: legacy IDE quirk
[    0.941171] pci 0000:00:01.1: BAR 2 [io  0x0170-0x0177]: legacy IDE quirk
[    0.941318] pci 0000:00:01.1: BAR 3 [io  0x0376]: legacy IDE quirk
[    0.942099] pci 0000:00:01.3: [8086:7113] type 00 class 0x068000 conventional PCI endpoint
[    0.942521] pci 0000:00:01.3: quirk: [io  0x0600-0x063f] claimed by PIIX4 ACPI
[    0.942521] pci 0000:00:01.3: quirk: [io  0x0700-0x070f] claimed by PIIX4 SMB
[    0.943053] pci 0000:00:02.0: [1234:1111] type 00 class 0x030000 conventional PCI endpoint
[    0.944400] pci 0000:00:02.0: BAR 0 [mem 0xfd000000-0xfdffffff pref]
[    0.944521] pci 0000:00:02.0: BAR 2 [mem 0xfebf0000-0xfebf0fff]
[    0.944521] pci 0000:00:02.0: ROM [mem 0xfebe0000-0xfebeffff pref]
[    0.944521] pci 0000:00:02.0: Video device with shadowed ROM at [mem 0x000c0000-0x000dffff]
[    0.944521] pci 0000:00:03.0: [8086:100e] type 00 class 0x020000 conventional PCI endpoint
[    0.944521] pci 0000:00:03.0: BAR 0 [mem 0xfebc0000-0xfebdffff]
[    0.944587] pci 0000:00:03.0: BAR 1 [io  0xc080-0xc0bf]
[    0.944729] pci 0000:00:03.0: ROM [mem 0xfeb80000-0xfebbffff pref]
[    0.948306] pci 0000:00:04.0: [1af4:1001] type 00 class 0x010000 conventional PCI endpoint
[    0.948790] pci 0000:00:04.0: BAR 0 [io  0xc000-0xc07f]
[    0.948925] pci 0000:00:04.0: BAR 1 [mem 0xfebf1000-0xfebf1fff]
[    0.949087] pci 0000:00:04.0: BAR 4 [mem 0xfe000000-0xfe003fff 64bit pref]
[    0.954090] ACPI: PCI: Interrupt link LNKA configured for IRQ 10
[    0.954521] ACPI: PCI: Interrupt link LNKB configured for IRQ 10
[    0.954610] ACPI: PCI: Interrupt link LNKC configured for IRQ 11
[    0.954996] ACPI: PCI: Interrupt link LNKD configured for IRQ 11
[    0.955231] ACPI: PCI: Interrupt link LNKS configured for IRQ 9
[    0.959521] iommu: Default domain type: Translated
[    0.959521] iommu: DMA domain TLB invalidation policy: lazy mode
[    0.962415] SCSI subsystem initialized
[    0.963985] pps_core: LinuxPPS API ver. 1 registered
[    0.964103] pps_core: Software ver. 5.3.6 - Copyright 2005-2007 Rodolfo Giometti <giometti@linux.it>
[    0.964344] PTP clock support registered
[    0.975612] PCI: Using ACPI for IRQ routing
[    0.977845] hpet: 3 channels of 0 reserved for per-cpu timers
[    0.979521] clocksource: Switched to clocksource tsc-early
[    0.985843] VFS: Disk quotas dquot_6.6.0
[    0.986196] VFS: Dquot-cache hash table entries: 512 (order 0, 4096 bytes)
[    0.994260] pnp: PnP ACPI init
[    0.998825] ACPI: IRQ 4 override to edge(!), high(!)
[    1.000482] pnp: PnP ACPI: found 5 devices
[    1.031572] clocksource: acpi_pm: mask: 0xffffff max_cycles: 0xffffff, max_idle_ns: 2085701024 ns
[    1.033528] NET: Registered PF_INET protocol family
[    1.035042] IP idents hash table entries: 16384 (order: 5, 131072 bytes, linear)
[    1.086676] tcp_listen_portaddr_hash hash table entries: 512 (order: 1, 8192 bytes, linear)
[    1.087024] Table-perturb hash table entries: 65536 (order: 6, 262144 bytes, linear)
[    1.087297] TCP established hash table entries: 8192 (order: 4, 65536 bytes, linear)
[    1.087576] TCP bind hash table entries: 8192 (order: 6, 262144 bytes, linear)
[    1.087576] TCP: Hash tables configured (established 8192 bind 8192)
[    1.090288] MPTCP token hash table entries: 1024 (order: 3, 24576 bytes, linear)
[    1.090845] UDP hash table entries: 512 (order: 3, 32768 bytes, linear)
[    1.091377] UDP-Lite hash table entries: 512 (order: 3, 32768 bytes, linear)
[    1.093508] NET: Registered PF_UNIX/PF_LOCAL protocol family
[    1.094037] NET: Registered PF_XDP protocol family
[    1.095417] pci_bus 0000:00: resource 4 [io  0x0000-0x0cf7 window]
[    1.095591] pci_bus 0000:00: resource 5 [io  0x0d00-0xffff window]
[    1.095712] pci_bus 0000:00: resource 6 [mem 0x000a0000-0x000bffff window]
[    1.095840] pci_bus 0000:00: resource 7 [mem 0x40000000-0xfebfffff window]
[    1.095965] pci_bus 0000:00: resource 8 [mem 0x100000000-0x17fffffff window]
[    1.096570] pci 0000:00:01.0: PIIX3: Enabling Passive Release
[    1.096570] pci 0000:00:00.0: Limiting direct PCI/PCI transfers
[    1.097794] PCI: CLS 0 bytes, default 64
[    1.103864] Initialise system trusted keyrings
[    1.114695] Unpacking initramfs...
[    1.134596] workingset: timestamp_bits=40 max_order=18 bucket_order=0
[    1.139274] Key type asymmetric registered
[    1.139357] Asymmetric key parser 'x509' registered
[    1.140006] Block layer SCSI generic (bsg) driver version 0.4 loaded (major 247)
[    1.146454] io scheduler mq-deadline registered
[    1.146799] io scheduler kyber registered
[    1.146892] io scheduler bfq registered
[    1.159681] ERST DBG: ERST support is disabled.
[    1.167979] ACPI: \_SB_.LNKD: Enabled at IRQ 11
[    1.188287] Serial: 8250/16550 driver, 4 ports, IRQ sharing enabled
[    1.193114] 00:04: ttyS0 at I/O 0x3f8 (irq = 4, base_baud = 115200) is a 16550A
[    1.215056] VMware PVSCSI driver - version 1.0.7.0-k
[    1.235160] scsi host0: ata_piix
[    1.242851] scsi host1: ata_piix
[    1.243688] ata1: PATA max MWDMA2 cmd 0x1f0 ctl 0x3f6 bmdma 0xc0c0 irq 14 lpm-pol 0
[    1.243941] ata2: PATA max MWDMA2 cmd 0x170 ctl 0x376 bmdma 0xc0c8 irq 15 lpm-pol 0
[    1.244282] hv_vmbus: registering driver hv_netvsc
[    1.247386] i8042: PNP: PS/2 Controller [PNP0303:KBD,PNP0f13:MOU] at 0x60,0x64 irq 1,12
[    1.252585] serio: i8042 KBD port at 0x60,0x64 irq 1
[    1.253000] serio: i8042 AUX port at 0x60,0x64 irq 12
[    1.253338] hv_vmbus: registering driver hyperv_keyboard
[    1.254913] rtc_cmos PNP0B00:00: RTC can wake from S4
[    1.264309] input: AT Translated Set 2 keyboard as /devices/platform/i8042/serio0/input/input0
[    1.288533] rtc_cmos PNP0B00:00: registered as rtc0
[    1.288533] rtc_cmos PNP0B00:00: setting system clock to 2026-09-22T04:37:42 UTC (1790051862)
[    1.290649] rtc_cmos PNP0B00:00: alarms up to one day, y3k, 242 bytes nvram, hpet irqs
[    1.291515] amd_pstate: the _CPC object is not present in SBIOS or ACPI disabled
[    1.303706] gre: GRE over IPv4 demultiplexer driver
[    1.304825] NET: Registered PF_INET6 protocol family
[    1.316673] Segment Routing with IPv6
[    1.316673] In-situ OAM (IOAM) with IPv6
[    1.326103] Key type dns_resolver registered
[    1.327670] IPI shorthand broadcast: enabled
[    1.342128] sched_clock: Marking stable (1284556807, 57249981)->(1626185631, -284378843)
[    1.387908] registered taskstats version 1
[    1.391478] Loading compiled-in X.509 certificates
[    1.454571] ata2: found unknown device (class 0)
[    1.465469] ata2.00: ATAPI: QEMU DVD-ROM, 2.5+, max UDMA/100
[    1.498564] scsi 1:0:0:0: CD-ROM            QEMU     QEMU DVD-ROM     2.5+ PQ: 0 ANSI: 5
[    1.653989] Freeing initrd memory: 9428K
[    1.826188] Loaded X.509 cert 'alpinelinux.org: Alpine Linux kernel key: d76a695f66ad9cd28f5c22a8508f36e91f521f7a'
[    1.842562] Demotion targets for Node 0: null
[    1.844102] Key type .fscrypt registered
[    1.844221] Key type fscrypt-provisioning registered
[    1.950786] Freeing unused kernel image (initmem) memory: 3008K
[    1.951478] Write protecting the kernel read-only data: 26624k
[    1.954053] Freeing unused kernel image (text/rodata gap) memory: 1692K
[    1.954640] Freeing unused kernel image (rodata/data gap) memory: 368K
[    1.955599] rodata_test: all tests were successful
[    1.955996] Run /init as init process
[    2.082267] Alpine Init 3.14.1-r0
Alpine Init 3.14.1-r0
[    2.089451] Loading boot drivers...
 * Loading boot drivers: [    2.127469] tsc: Refined TSC clocksource calibration: 2995.199 MHz
[    2.128046] clocksource: tsc: mask: 0xffffffffffffffff max_cycles: 0x2b2c8e53fc7, max_idle_ns: 440795296122 ns
[    2.135300] clocksource: Switched to clocksource tsc
[    2.155183] loop: module loaded
[    2.170110] squashfs: version 4.0 (2009/01/31) Phillip Lougher
[    2.174370] Loading boot drivers: ok.
ok.
[    2.191624] Mounting boot media...
 * Mounting boot media: [    2.426586] e1000: Intel(R) PRO/1000 Network Driver
[    2.426750] e1000: Copyright (c) 1999-2006 Intel Corporation.
[    2.430385] ACPI: \_SB_.LNKC: Enabled at IRQ 10
[    2.719172] e1000 0000:00:03.0 eth0: (PCI:33MHz:32-bit) 52:54:00:12:34:56
[    2.719807] e1000 0000:00:03.0 eth0: Intel(R) PRO/1000 Network Connection
[    2.784899] virtio_blk virtio0: 1/0/0 default/read/poll queues
[    2.795597] virtio_blk virtio0: [vda] 2097152 512-byte logical blocks (1.07 GB/1.00 GiB)
[    2.810670]  vda:
[    4.366679] FAT-fs (vda): utf8 is not a recommended IO charset for FAT filesystems, filesystem will be case sensitive!
[    9.434762] Mounting boot media: failed. 
failed. 
Launching initramfs emergency recovery shell.

sh: can't access tty; job control turned off
~ # [6n