[    0.000000] Linux version 6.18.52-0-virt (buildozer@build-3-24-x86_64) (cc (Alpine 15.2.0) 15.2.0, GNU ld (GNU Binutils) 2.45.1) #1-Alpine SMP PREEMPT_DYNAMIC 2026-09-15 05:37:48
[    0.000000] Command line: console=ttyS0 alpine_dev=vda:vfat alpine_repo=/dev/vda modules=loop,squashfs,sd-mod,usb-storage
[    0.000000] BIOS-provided physical RAM map:
[    0.000000] BIOS-e820: [mem 0x0000000000000000-0x000000000009fbff] usable
[    0.000000] BIOS-e820: [mem 0x000000000009fc00-0x000000000009ffff] reserved
[    0.000000] BIOS-e820: [mem 0x00000000000f0000-0x00000000000fffff] reserved
[    0.000000] BIOS-e820: [mem 0x0000000000100000-0x000000003ffdcfff] usable
[    0.000000] BIOS-e820: [mem 0x000000003ffdd000-0x000000003fffffff] reserved
[    0.000000] BIOS-e820: [mem 0x00000000fffc0000-0x00000000ffffffff] reserved
[    0.000000] BIOS-e820: [mem 0x000000fd00000000-0x000000ffffffffff] reserved
[    0.000000] NX (Execute Disable) protection: active
[    0.000000] APIC: Static calls initialized
[    0.000000] SMBIOS 2.8 present.
[    0.000000] DMI: QEMU Standard PC (i440FX + PIIX, 1996), BIOS rel-1.17.0-0-gb52ca86e094d-prebuilt.qemu.org 04/01/2014
[    0.000000] DMI: Memory slots populated: 1/1
[    0.000000] tsc: Fast TSC calibration using PIT
[    0.000000] tsc: Detected 2995.186 MHz processor
[    0.009286] last_pfn = 0x3ffdd max_arch_pfn = 0x400000000
[    0.010392] MTRR map: 4 entries (3 fixed + 1 variable; max 19), built from 8 variable MTRRs
[    0.010679] x86/PAT: Configuration [0-7]: WB  WC  UC- UC  WB  WP  UC- WT  
[    0.029612] found SMP MP-table at [mem 0x000f54b0-0x000f54bf]
[    0.037424] RAMDISK: [mem 0x3f69b000-0x3ffcffff]
[    0.037797] ACPI: Early table checksum verification disabled
[    0.038294] ACPI: RSDP 0x00000000000F52D0 000014 (v00 BOCHS )
[    0.038723] ACPI: RSDT 0x000000003FFE232F 000034 (v01 BOCHS  BXPC     00000001 BXPC 00000001)
[    0.039675] ACPI: FACP 0x000000003FFE21E3 000074 (v01 BOCHS  BXPC     00000001 BXPC 00000001)
[    0.040744] ACPI: DSDT 0x000000003FFE0040 0021A3 (v01 BOCHS  BXPC     00000001 BXPC 00000001)
[    0.040862] ACPI: FACS 0x000000003FFE0000 000040
[    0.040967] ACPI: APIC 0x000000003FFE2257 000078 (v03 BOCHS  BXPC     00000001 BXPC 00000001)
[    0.041032] ACPI: HPET 0x000000003FFE22CF 000038 (v01 BOCHS  BXPC     00000001 BXPC 00000001)
[    0.041063] ACPI: WAET 0x000000003FFE2307 000028 (v01 BOCHS  BXPC     00000001 BXPC 00000001)
[    0.041257] ACPI: Reserving FACP table memory at [mem 0x3ffe21e3-0x3ffe2256]
[    0.041314] ACPI: Reserving DSDT table memory at [mem 0x3ffe0040-0x3ffe21e2]
[    0.041326] ACPI: Reserving FACS table memory at [mem 0x3ffe0000-0x3ffe003f]
[    0.041335] ACPI: Reserving APIC table memory at [mem 0x3ffe2257-0x3ffe22ce]
[    0.041343] ACPI: Reserving HPET table memory at [mem 0x3ffe22cf-0x3ffe2306]
[    0.041351] ACPI: Reserving WAET table memory at [mem 0x3ffe2307-0x3ffe232e]
[    0.046039] No NUMA configuration found
[    0.046067] Faking a node at [mem 0x0000000000000000-0x000000003ffdcfff]
[    0.047185] NODE_DATA(0) allocated [mem 0x3ffd8d40-0x3ffdcfff]
[    0.051531] Zone ranges:
[    0.051571]   DMA      [mem 0x0000000000001000-0x0000000000ffffff]
[    0.051673]   DMA32    [mem 0x0000000001000000-0x000000003ffdcfff]
[    0.051686]   Normal   empty
[    0.051720] Movable zone start for each node
[    0.051771] Early memory node ranges
[    0.051807]   node   0: [mem 0x0000000000001000-0x000000000009efff]
[    0.052064]   node   0: [mem 0x0000000000100000-0x000000003ffdcfff]
[    0.052270] Initmem setup node 0 [mem 0x0000000000001000-0x000000003ffdcfff]
[    0.054190] On node 0, zone DMA: 1 pages in unavailable ranges
[    0.054513] On node 0, zone DMA: 97 pages in unavailable ranges
[    0.068912] On node 0, zone DMA32: 35 pages in unavailable ranges
[    0.069808] ACPI: PM-Timer IO Port: 0x608
[    0.070520] ACPI: LAPIC_NMI (acpi_id[0xff] dfl dfl lint[0x1])
[    0.071094] IOAPIC[0]: apic_id 0, version 32, address 0xfec00000, GSI 0-23
[    0.071285] ACPI: INT_SRC_OVR (bus 0 bus_irq 0 global_irq 2 dfl dfl)
[    0.071697] ACPI: INT_SRC_OVR (bus 0 bus_irq 5 global_irq 5 high level)
[    0.071766] ACPI: INT_SRC_OVR (bus 0 bus_irq 9 global_irq 9 high level)
[    0.071936] ACPI: INT_SRC_OVR (bus 0 bus_irq 10 global_irq 10 high level)
[    0.071945] ACPI: INT_SRC_OVR (bus 0 bus_irq 11 global_irq 11 high level)
[    0.072291] ACPI: Using ACPI (MADT) for SMP configuration information
[    0.072364] ACPI: HPET id: 0x8086a201 base: 0xfed00000
[    0.072994] CPU topo: Max. logical packages:   1
[    0.073008] CPU topo: Max. logical dies:       1
[    0.073017] CPU topo: Max. dies per package:   1
[    0.073188] CPU topo: Max. threads per core:   1
[    0.073534] CPU topo: Num. cores per package:     1
[    0.073564] CPU topo: Num. threads per package:   1
[    0.073578] CPU topo: Allowing 1 present CPUs plus 0 hotplug CPUs
[    0.075298] [mem 0x40000000-0xfffbffff] available for PCI devices
[    0.075402] Booting paravirtualized kernel on bare hardware
[    0.075719] clocksource: refined-jiffies: mask: 0xffffffff max_cycles: 0xffffffff, max_idle_ns: 1910969940391419 ns
[    0.085311] setup_percpu: NR_CPUS:256 nr_cpumask_bits:1 nr_cpu_ids:1 nr_node_ids:1
[    0.087749] percpu: Embedded 55 pages/cpu s186200 r8192 d30888 u2097152
[    0.090694] Kernel command line: console=ttyS0 alpine_dev=vda:vfat alpine_repo=/dev/vda modules=loop,squashfs,sd-mod,usb-storage
[    0.092494] Unknown kernel command line parameters "alpine_dev=vda:vfat alpine_repo=/dev/vda modules=loop,squashfs,sd-mod,usb-storage", will be passed to user space.
[    0.092910] printk: log buffer data + meta data: 131072 + 458752 = 589824 bytes
[    0.093396] Dentry cache hash table entries: 131072 (order: 8, 1048576 bytes, linear)
[    0.093745] Inode-cache hash table entries: 65536 (order: 7, 524288 bytes, linear)
[    0.098716] Fallback order for Node 0: 0 
[    0.099185] Built 1 zonelists, mobility grouping on.  Total pages: 262011
[    0.099212] Policy zone: DMA32
[    0.100589] mem auto-init: stack:all(zero), heap alloc:on, heap free:off
[    0.145808] SLUB: HWalign=64, Order=0-3, MinObjects=0, CPUs=1, Nodes=1
[    0.165117] Dynamic Preempt: none
[    0.170581] rcu: Preemptible hierarchical RCU implementation.
[    0.170645] rcu: 	RCU restricting CPUs from NR_CPUS=256 to nr_cpu_ids=1.
[    0.171008] 	Trampoline variant of Tasks RCU enabled.
[    0.171027] 	Tracing variant of Tasks RCU enabled.
[    0.171183] rcu: RCU calculated value of scheduler-enlistment delay is 100 jiffies.
[    0.171230] rcu: Adjusting geometry for rcu_fanout_leaf=16, nr_cpu_ids=1
[    0.173116] RCU Tasks: Setting shift to 0 and lim to 1 rcu_task_cb_adjust=1 rcu_task_cpu_ids=1.
[    0.173150] RCU Tasks Trace: Setting shift to 0 and lim to 1 rcu_task_cb_adjust=1 rcu_task_cpu_ids=1.
[    0.222240] NR_IRQS: 16640, nr_irqs: 256, preallocated irqs: 16
[    0.237175] rcu: srcu_init: Setting srcu_struct sizes based on contention.
[    0.238651] clocksource: jiffies: mask: 0xffffffff max_cycles: 0xffffffff, max_idle_ns: 1911260446275000 ns
[    0.245499] kfence: initialized - using 2097152 bytes for 255 objects at 0x(____ptrval____)-0x(____ptrval____)
[    0.253366] Console: colour VGA+ 80x25
[    0.256244] printk: legacy console [ttyS0] enabled
[    0.274783] ACPI: Core revision 20250807
[    0.282286] clocksource: hpet: mask: 0xffffffff max_cycles: 0xffffffff, max_idle_ns: 19112604467 ns
[    0.289900] APIC: Switch to symmetric I/O mode setup
[    0.296742] ..TIMER: vector=0x30 apic1=0 pin1=2 apic2=-1 pin2=-1
[    0.304023] clocksource: tsc-early: mask: 0xffffffffffffffff max_cycles: 0x2b2c8196010, max_idle_ns: 440795256293 ns
[    0.304835] Calibrating delay loop (skipped), value calculated using timer frequency.. 5990.37 BogoMIPS (lpj=2995186)
[    0.308228] Last level iTLB entries: 4KB 512, 2MB 255, 4MB 127
[    0.308377] Last level dTLB entries: 4KB 512, 2MB 255, 4MB 127, 1GB 0
[    0.308490] mitigations: Enabled attack vectors: user_kernel, user_user, guest_host, guest_guest, SMT mitigations: auto
[    0.308490] Spectre V2 : Mitigation: Retpolines
[    0.308890] Spectre V1 : Mitigation: usercopy/swapgs barriers and __user pointer sanitization
[    0.309323] Spectre V2 : Spectre v2 / SpectreRSB: Filling RSB on context switch and VMEXIT
[    0.310490] x86/fpu: x87 FPU will use FXSAVE
[    0.589335] Freeing SMP alternatives memory: 40K
[    0.591045] pid_max: default: 32768 minimum: 301
[    0.600542] LSM: initializing lsm=lockdown,capability,landlock,yama
[    0.603621] landlock: Up and running.
[    0.603755] Yama: becoming mindful.
[    0.607869] Mount-cache hash table entries: 2048 (order: 2, 16384 bytes, linear)
[    0.608278] Mountpoint-cache hash table entries: 2048 (order: 2, 16384 bytes, linear)
[    0.716490] smpboot: CPU0: AMD QEMU Virtual CPU version 2.5+ (family: 0xf, model: 0x6b, stepping: 0x1)
[    0.728490] Performance Events: PMU not available due to virtualization, using software events only.
[    0.729978] signal: max sigframe size: 1440
[    0.732292] rcu: Hierarchical SRCU implementation.
[    0.732458] rcu: 	Max phase no-delay instances is 400.
[    0.739146] NMI watchdog: Perf NMI watchdog permanently disabled
[    0.741490] smp: Bringing up secondary CPUs ...
[    0.743490] smp: Brought up 1 node, 1 CPU
[    0.743490] smpboot: Total of 1 processors activated (5990.37 BogoMIPS)
[    0.754614] Memory: 976872K/1048044K available (14690K kernel code, 2033K rwdata, 9872K rodata, 3008K init, 1148K bss, 67496K reserved, 0K cma-reserved)
[    0.763239] devtmpfs: initialized
[    0.766490] x86/mm: Memory block size: 128MB
[    0.776120] posixtimers hash table entries: 512 (order: 1, 8192 bytes, linear)
[    0.776490] futex hash table entries: 256 (16384 bytes on 1 NUMA nodes, total 16 KiB, linear).
[    0.790378] NET: Registered PF_NETLINK/PF_ROUTE protocol family
[    0.794490] audit: initializing netlink subsys (disabled)
[    0.798137] thermal_sys: Registered thermal governor 'step_wise'
[    0.798812] audit: type=2000 audit(1790052156.502:1): state=initialized audit_enabled=0 res=1
[    0.799854] cpuidle: using governor ladder
[    0.800131] cpuidle: using governor menu
[    0.801376] acpiphp: ACPI Hot Plug PCI Controller Driver version: 0.5
[    0.804490] PCI: Using configuration type 1 for base access
[    0.807543] kprobes: kprobe jump-optimization is enabled. All kprobes are optimized if possible.
[    0.812490] HugeTLB: registered 2.00 MiB page size, pre-allocated 0 pages
[    0.812490] HugeTLB: 28 KiB vmemmap can be freed for a 2.00 MiB page
[    0.829018] ACPI: Added _OSI(Module Device)
[    0.829182] ACPI: Added _OSI(Processor Device)
[    0.829273] ACPI: Added _OSI(Processor Aggregator Device)
[    0.841439] ACPI: 1 ACPI AML tables successfully acquired and loaded
[    0.879322] ACPI: Interpreter enabled
[    0.880490] ACPI: PM: (supports S0 S3 S5)
[    0.880490] ACPI: Using IOAPIC for interrupt routing
[    0.880490] PCI: Using host bridge windows from ACPI; if necessary, use "pci=nocrs" and report a bug
[    0.880490] PCI: Using E820 reservations for host bridge windows
[    0.882138] ACPI: Enabled 2 GPEs in block 00 to 0F
[    0.912009] ACPI: PCI Root Bridge [PCI0] (domain 0000 [bus 00-ff])
[    0.912647] acpi PNP0A03:00: _OSC: OS supports [ASPM ClockPM Segments MSI HPX-Type3]
[    0.913018] acpi PNP0A03:00: _OSC: not requesting OS control; OS requires [ExtendedConfig ASPM ClockPM MSI]
[    0.914073] acpi PNP0A03:00: fail to add MMCONFIG information, can't access extended configuration space under this bridge
[    0.918490] acpiphp: Slot [3] registered
[    0.918589] acpiphp: Slot [4] registered
[    0.918783] acpiphp: Slot [5] registered
[    0.918958] acpiphp: Slot [6] registered
[    0.919130] acpiphp: Slot [7] registered
[    0.919306] acpiphp: Slot [8] registered
[    0.919456] acpiphp: Slot [9] registered
[    0.919562] acpiphp: Slot [10] registered
[    0.919690] acpiphp: Slot [11] registered
[    0.919813] acpiphp: Slot [12] registered
[    0.919933] acpiphp: Slot [13] registered
[    0.920054] acpiphp: Slot [14] registered
[    0.920197] acpiphp: Slot [15] registered
[    0.920331] acpiphp: Slot [16] registered
[    0.920557] acpiphp: Slot [17] registered
[    0.920685] acpiphp: Slot [18] registered
[    0.920805] acpiphp: Slot [19] registered
[    0.920924] acpiphp: Slot [20] registered
[    0.921045] acpiphp: Slot [21] registered
[    0.921191] acpiphp: Slot [22] registered
[    0.921319] acpiphp: Slot [23] registered
[    0.921443] acpiphp: Slot [24] registered
[    0.921490] acpiphp: Slot [25] registered
[    0.921490] acpiphp: Slot [26] registered
[    0.921490] acpiphp: Slot [27] registered
[    0.921490] acpiphp: Slot [28] registered
[    0.921490] acpiphp: Slot [29] registered
[    0.921490] acpiphp: Slot [30] registered
[    0.921490] acpiphp: Slot [31] registered
[    0.921490] PCI host bridge to bus 0000:00
[    0.921771] pci_bus 0000:00: root bus resource [io  0x0000-0x0cf7 window]
[    0.922065] pci_bus 0000:00: root bus resource [io  0x0d00-0xffff window]
[    0.922194] pci_bus 0000:00: root bus resource [mem 0x000a0000-0x000bffff window]
[    0.922372] pci_bus 0000:00: root bus resource [mem 0x40000000-0xfebfffff window]
[    0.922533] pci_bus 0000:00: root bus resource [mem 0x100000000-0x17fffffff window]
[    0.922861] pci_bus 0000:00: root bus resource [bus 00-ff]
[    0.923599] pci 0000:00:00.0: [8086:1237] type 00 class 0x060000 conventional PCI endpoint
[    0.927490] pci 0000:00:01.0: [8086:7000] type 00 class 0x060100 conventional PCI endpoint
[    0.927972] pci 0000:00:01.1: [8086:7010] type 00 class 0x010180 conventional PCI endpoint
[    0.928694] pci 0000:00:01.1: BAR 4 [io  0xc0c0-0xc0cf]
[    0.928896] pci 0000:00:01.1: BAR 0 [io  0x01f0-0x01f7]: legacy IDE quirk
[    0.929047] pci 0000:00:01.1: BAR 1 [io  0x03f6]: legacy IDE quirk
[    0.929206] pci 0000:00:01.1: BAR 2 [io  0x0170-0x0177]: legacy IDE quirk
[    0.929352] pci 0000:00:01.1: BAR 3 [io  0x0376]: legacy IDE quirk
[    0.930664] pci 0000:00:01.3: [8086:7113] type 00 class 0x068000 conventional PCI endpoint
[    0.931309] pci 0000:00:01.3: quirk: [io  0x0600-0x063f] claimed by PIIX4 ACPI
[    0.931490] pci 0000:00:01.3: quirk: [io  0x0700-0x070f] claimed by PIIX4 SMB
[    0.931752] pci 0000:00:02.0: [1234:1111] type 00 class 0x030000 conventional PCI endpoint
[    0.932385] pci 0000:00:02.0: BAR 0 [mem 0xfd000000-0xfdffffff pref]
[    0.932520] pci 0000:00:02.0: BAR 2 [mem 0xfebf0000-0xfebf0fff]
[    0.932651] pci 0000:00:02.0: ROM [mem 0xfebe0000-0xfebeffff pref]
[    0.933045] pci 0000:00:02.0: Video device with shadowed ROM at [mem 0x000c0000-0x000dffff]
[    0.933982] pci 0000:00:03.0: [8086:100e] type 00 class 0x020000 conventional PCI endpoint
[    0.934490] pci 0000:00:03.0: BAR 0 [mem 0xfebc0000-0xfebdffff]
[    0.934642] pci 0000:00:03.0: BAR 1 [io  0xc080-0xc0bf]
[    0.934753] pci 0000:00:03.0: ROM [mem 0xfeb80000-0xfebbffff pref]
[    0.938490] pci 0000:00:04.0: [1af4:1001] type 00 class 0x010000 conventional PCI endpoint
[    0.939054] pci 0000:00:04.0: BAR 0 [io  0xc000-0xc07f]
[    0.939192] pci 0000:00:04.0: BAR 1 [mem 0xfebf1000-0xfebf1fff]
[    0.939368] pci 0000:00:04.0: BAR 4 [mem 0xfe000000-0xfe003fff 64bit pref]
[    0.945490] ACPI: PCI: Interrupt link LNKA configured for IRQ 10
[    0.946047] ACPI: PCI: Interrupt link LNKB configured for IRQ 10
[    0.946434] ACPI: PCI: Interrupt link LNKC configured for IRQ 11
[    0.946703] ACPI: PCI: Interrupt link LNKD configured for IRQ 11
[    0.946980] ACPI: PCI: Interrupt link LNKS configured for IRQ 9
[    0.950081] iommu: Default domain type: Translated
[    0.950237] iommu: DMA domain TLB invalidation policy: lazy mode
[    0.953201] SCSI subsystem initialized
[    0.954490] pps_core: LinuxPPS API ver. 1 registered
[    0.954490] pps_core: Software ver. 5.3.6 - Copyright 2005-2007 Rodolfo Giometti <giometti@linux.it>
[    0.954490] PTP clock support registered
[    0.965671] PCI: Using ACPI for IRQ routing
[    0.968552] hpet: 3 channels of 0 reserved for per-cpu timers
[    0.970490] clocksource: Switched to clocksource tsc-early
[    0.976095] VFS: Disk quotas dquot_6.6.0
[    0.976470] VFS: Dquot-cache hash table entries: 512 (order 0, 4096 bytes)
[    0.984956] pnp: PnP ACPI init
[    0.988036] ACPI: IRQ 4 override to edge(!), high(!)
[    0.989324] pnp: PnP ACPI: found 5 devices
[    1.021660] clocksource: acpi_pm: mask: 0xffffff max_cycles: 0xffffff, max_idle_ns: 2085701024 ns
[    1.023346] NET: Registered PF_INET protocol family
[    1.024646] IP idents hash table entries: 16384 (order: 5, 131072 bytes, linear)
[    1.074677] tcp_listen_portaddr_hash hash table entries: 512 (order: 1, 8192 bytes, linear)
[    1.076106] Table-perturb hash table entries: 65536 (order: 6, 262144 bytes, linear)
[    1.076364] TCP established hash table entries: 8192 (order: 4, 65536 bytes, linear)
[    1.076779] TCP bind hash table entries: 8192 (order: 6, 262144 bytes, linear)
[    1.076806] TCP: Hash tables configured (established 8192 bind 8192)
[    1.078289] MPTCP token hash table entries: 1024 (order: 3, 24576 bytes, linear)
[    1.079704] UDP hash table entries: 512 (order: 3, 32768 bytes, linear)
[    1.080156] UDP-Lite hash table entries: 512 (order: 3, 32768 bytes, linear)
[    1.082931] NET: Registered PF_UNIX/PF_LOCAL protocol family
[    1.084066] NET: Registered PF_XDP protocol family
[    1.084290] pci_bus 0000:00: resource 4 [io  0x0000-0x0cf7 window]
[    1.084290] pci_bus 0000:00: resource 5 [io  0x0d00-0xffff window]
[    1.084290] pci_bus 0000:00: resource 6 [mem 0x000a0000-0x000bffff window]
[    1.084290] pci_bus 0000:00: resource 7 [mem 0x40000000-0xfebfffff window]
[    1.084290] pci_bus 0000:00: resource 8 [mem 0x100000000-0x17fffffff window]
[    1.084290] pci 0000:00:01.0: PIIX3: Enabling Passive Release
[    1.086782] pci 0000:00:00.0: Limiting direct PCI/PCI transfers
[    1.087080] PCI: CLS 0 bytes, default 64
[    1.093092] Initialise system trusted keyrings
[    1.103717] Unpacking initramfs...
[    1.126330] workingset: timestamp_bits=40 max_order=18 bucket_order=0
[    1.130402] Key type asymmetric registered
[    1.130402] Asymmetric key parser 'x509' registered
[    1.130402] Block layer SCSI generic (bsg) driver version 0.4 loaded (major 247)
[    1.140356] io scheduler mq-deadline registered
[    1.140548] io scheduler kyber registered
[    1.140548] io scheduler bfq registered
[    1.151243] ERST DBG: ERST support is disabled.
[    1.159081] ACPI: \_SB_.LNKD: Enabled at IRQ 11
[    1.178555] Serial: 8250/16550 driver, 4 ports, IRQ sharing enabled
[    1.184545] 00:04: ttyS0 at I/O 0x3f8 (irq = 4, base_baud = 115200) is a 16550A
[    1.206435] VMware PVSCSI driver - version 1.0.7.0-k
[    1.229176] scsi host0: ata_piix
[    1.237837] scsi host1: ata_piix
[    1.238762] ata1: PATA max MWDMA2 cmd 0x1f0 ctl 0x3f6 bmdma 0xc0c0 irq 14 lpm-pol 0
[    1.239015] ata2: PATA max MWDMA2 cmd 0x170 ctl 0x376 bmdma 0xc0c8 irq 15 lpm-pol 0
[    1.240482] hv_vmbus: registering driver hv_netvsc
[    1.242045] i8042: PNP: PS/2 Controller [PNP0303:KBD,PNP0f13:MOU] at 0x60,0x64 irq 1,12
[    1.246667] serio: i8042 KBD port at 0x60,0x64 irq 1
[    1.247019] serio: i8042 AUX port at 0x60,0x64 irq 12
[    1.247340] hv_vmbus: registering driver hyperv_keyboard
[    1.248939] rtc_cmos PNP0B00:00: RTC can wake from S4
[    1.257212] input: AT Translated Set 2 keyboard as /devices/platform/i8042/serio0/input/input0
[    1.282479] rtc_cmos PNP0B00:00: registered as rtc0
[    1.283921] rtc_cmos PNP0B00:00: setting system clock to 2026-09-22T04:42:38 UTC (1790052158)
[    1.285249] rtc_cmos PNP0B00:00: alarms up to one day, y3k, 242 bytes nvram, hpet irqs
[    1.286506] amd_pstate: the _CPC object is not present in SBIOS or ACPI disabled
[    1.294142] gre: GRE over IPv4 demultiplexer driver
[    1.295364] NET: Registered PF_INET6 protocol family
[    1.314979] Segment Routing with IPv6
[    1.315590] In-situ OAM (IOAM) with IPv6
[    1.327611] Key type dns_resolver registered
[    1.329225] IPI shorthand broadcast: enabled
[    1.344063] sched_clock: Marking stable (1289072735, 54105523)->(1643370647, -300192389)
[    1.385107] registered taskstats version 1
[    1.388527] Loading compiled-in X.509 certificates
[    1.450720] ata2: found unknown device (class 0)
[    1.463257] ata2.00: ATAPI: QEMU DVD-ROM, 2.5+, max UDMA/100
[    1.493723] scsi 1:0:0:0: CD-ROM            QEMU     QEMU DVD-ROM     2.5+ PQ: 0 ANSI: 5
[    1.637354] Freeing initrd memory: 9428K
[    1.807410] Loaded X.509 cert 'alpinelinux.org: Alpine Linux kernel key: d76a695f66ad9cd28f5c22a8508f36e91f521f7a'
[    1.824000] Demotion targets for Node 0: null
[    1.825520] Key type .fscrypt registered
[    1.825642] Key type fscrypt-provisioning registered
[    1.926727] Freeing unused kernel image (initmem) memory: 3008K
[    1.927356] Write protecting the kernel read-only data: 26624k
[    1.929673] Freeing unused kernel image (text/rodata gap) memory: 1692K
[    1.930199] Freeing unused kernel image (rodata/data gap) memory: 368K
[    1.931084] rodata_test: all tests were successful
[    1.931452] Run /init as init process
[    2.062285] Alpine Init 3.14.1-r0
Alpine Init 3.14.1-r0
[    2.069850] Loading boot drivers...
 * Loading boot drivers: [    2.120782] tsc: Refined TSC clocksource calibration: 2995.200 MHz
[    2.121430] clocksource: tsc: mask: 0xffffffffffffffff max_cycles: 0x2b2c8ec87c7, max_idle_ns: 440795278598 ns
[    2.121747] clocksource: Switched to clocksource tsc
[    2.136421] loop: module loaded
[    2.150539] squashfs: version 4.0 (2009/01/31) Phillip Lougher
[    2.190215] ACPI: bus type USB registered
[    2.191210] usbcore: registered new interface driver usbfs
[    2.191654] usbcore: registered new interface driver hub
[    2.192075] usbcore: registered new device driver usb
[    2.206311] usbcore: registered new interface driver usb-storage
[    2.212367] Loading boot drivers: ok.
ok.
[    2.229225] Mounting boot media...
 * Mounting boot media: [    2.468822] e1000: Intel(R) PRO/1000 Network Driver
[    2.469133] e1000: Copyright (c) 1999-2006 Intel Corporation.
[    2.473031] ACPI: \_SB_.LNKC: Enabled at IRQ 10
[    2.761051] e1000 0000:00:03.0 eth0: (PCI:33MHz:32-bit) 52:54:00:12:34:56
[    2.761732] e1000 0000:00:03.0 eth0: Intel(R) PRO/1000 Network Connection
[    2.826461] virtio_blk virtio0: 1/0/0 default/read/poll queues
[    2.840051] virtio_blk virtio0: [vda] 2097152 512-byte logical blocks (1.07 GB/1.00 GiB)
[    2.854699]  vda:
[    4.357746] FAT-fs (vda): utf8 is not a recommended IO charset for FAT filesystems, filesystem will be case sensitive!
[    9.426084] Mounting boot media: failed. 
failed. 
Launching initramfs emergency recovery shell.

sh: can't access tty; job control turned off
~ # [6n