[    0.000000] Linux version 6.18.52-0-virt (buildozer@build-3-24-x86_64) (cc (Alpine 15.2.0) 15.2.0, GNU ld (GNU Binutils) 2.45.1) #1-Alpine SMP PREEMPT_DYNAMIC 2026-09-15 05:37:48
[    0.000000] Command line: console=ttyS0
[    0.000000] BIOS-provided physical RAM map:
[    0.000000] BIOS-e820: [mem 0x0000000000000000-0x000000000009fbff] usable
[    0.000000] BIOS-e820: [mem 0x000000000009fc00-0x000000000009ffff] reserved
[    0.000000] BIOS-e820: [mem 0x00000000000f0000-0x00000000000fffff] reserved
[    0.000000] BIOS-e820: [mem 0x0000000000100000-0x000000003ffdffff] usable
[    0.000000] BIOS-e820: [mem 0x000000003ffe0000-0x000000003fffffff] reserved
[    0.000000] BIOS-e820: [mem 0x00000000fffc0000-0x00000000ffffffff] reserved
[    0.000000] BIOS-e820: [mem 0x000000fd00000000-0x000000ffffffffff] reserved
[    0.000000] NX (Execute Disable) protection: active
[    0.000000] APIC: Static calls initialized
[    0.000000] SMBIOS 2.8 present.
[    0.000000] DMI: QEMU Standard PC (i440FX + PIIX, 1996), BIOS rel-1.17.0-0-gb52ca86e094d-prebuilt.qemu.org 04/01/2014
[    0.000000] DMI: Memory slots populated: 1/1
[    0.000000] tsc: Fast TSC calibration using PIT
[    0.000000] tsc: Detected 2995.199 MHz processor
[    0.010309] last_pfn = 0x3ffe0 max_arch_pfn = 0x400000000
[    0.011807] MTRR map: 4 entries (3 fixed + 1 variable; max 19), built from 8 variable MTRRs
[    0.012195] x86/PAT: Configuration [0-7]: WB  WC  UC- UC  WB  WP  UC- WT  
[    0.036585] found SMP MP-table at [mem 0x000f54c0-0x000f54cf]
[    0.042934] RAMDISK: [mem 0x3f6ab000-0x3ffdffff]
[    0.043289] ACPI: Early table checksum verification disabled
[    0.043797] ACPI: RSDP 0x00000000000F52E0 000014 (v00 BOCHS )
[    0.044409] ACPI: RSDT 0x000000003FFE2329 000034 (v01 BOCHS  BXPC     00000001 BXPC 00000001)
[    0.045412] ACPI: FACP 0x000000003FFE21DD 000074 (v01 BOCHS  BXPC     00000001 BXPC 00000001)
[    0.046318] ACPI: DSDT 0x000000003FFE0040 00219D (v01 BOCHS  BXPC     00000001 BXPC 00000001)
[    0.046419] ACPI: FACS 0x000000003FFE0000 000040
[    0.046506] ACPI: APIC 0x000000003FFE2251 000078 (v03 BOCHS  BXPC     00000001 BXPC 00000001)
[    0.046553] ACPI: HPET 0x000000003FFE22C9 000038 (v01 BOCHS  BXPC     00000001 BXPC 00000001)
[    0.046573] ACPI: WAET 0x000000003FFE2301 000028 (v01 BOCHS  BXPC     00000001 BXPC 00000001)
[    0.046718] ACPI: Reserving FACP table memory at [mem 0x3ffe21dd-0x3ffe2250]
[    0.046763] ACPI: Reserving DSDT table memory at [mem 0x3ffe0040-0x3ffe21dc]
[    0.046772] ACPI: Reserving FACS table memory at [mem 0x3ffe0000-0x3ffe003f]
[    0.046780] ACPI: Reserving APIC table memory at [mem 0x3ffe2251-0x3ffe22c8]
[    0.046786] ACPI: Reserving HPET table memory at [mem 0x3ffe22c9-0x3ffe2300]
[    0.046791] ACPI: Reserving WAET table memory at [mem 0x3ffe2301-0x3ffe2328]
[    0.051277] No NUMA configuration found
[    0.051312] Faking a node at [mem 0x0000000000000000-0x000000003ffdffff]
[    0.052541] NODE_DATA(0) allocated [mem 0x3f6a6d40-0x3f6aafff]
[    0.056461] Zone ranges:
[    0.056499]   DMA      [mem 0x0000000000001000-0x0000000000ffffff]
[    0.056611]   DMA32    [mem 0x0000000001000000-0x000000003ffdffff]
[    0.056626]   Normal   empty
[    0.056663] Movable zone start for each node
[    0.056722] Early memory node ranges
[    0.056763]   node   0: [mem 0x0000000000001000-0x000000000009efff]
[    0.057043]   node   0: [mem 0x0000000000100000-0x000000003ffdffff]
[    0.057329] Initmem setup node 0 [mem 0x0000000000001000-0x000000003ffdffff]
[    0.059271] On node 0, zone DMA: 1 pages in unavailable ranges
[    0.059599] On node 0, zone DMA: 97 pages in unavailable ranges
[    0.074455] On node 0, zone DMA32: 32 pages in unavailable ranges
[    0.075445] ACPI: PM-Timer IO Port: 0x608
[    0.076232] ACPI: LAPIC_NMI (acpi_id[0xff] dfl dfl lint[0x1])
[    0.076870] IOAPIC[0]: apic_id 0, version 32, address 0xfec00000, GSI 0-23
[    0.077086] ACPI: INT_SRC_OVR (bus 0 bus_irq 0 global_irq 2 dfl dfl)
[    0.077720] ACPI: INT_SRC_OVR (bus 0 bus_irq 5 global_irq 5 high level)
[    0.077826] ACPI: INT_SRC_OVR (bus 0 bus_irq 9 global_irq 9 high level)
[    0.078083] ACPI: INT_SRC_OVR (bus 0 bus_irq 10 global_irq 10 high level)
[    0.078096] ACPI: INT_SRC_OVR (bus 0 bus_irq 11 global_irq 11 high level)
[    0.078535] ACPI: Using ACPI (MADT) for SMP configuration information
[    0.078622] ACPI: HPET id: 0x8086a201 base: 0xfed00000
[    0.079372] CPU topo: Max. logical packages:   1
[    0.079393] CPU topo: Max. logical dies:       1
[    0.079405] CPU topo: Max. dies per package:   1
[    0.079473] CPU topo: Max. threads per core:   1
[    0.079707] CPU topo: Num. cores per package:     1
[    0.079728] CPU topo: Num. threads per package:   1
[    0.079739] CPU topo: Allowing 1 present CPUs plus 0 hotplug CPUs
[    0.081467] [mem 0x40000000-0xfffbffff] available for PCI devices
[    0.081580] Booting paravirtualized kernel on bare hardware
[    0.081929] clocksource: refined-jiffies: mask: 0xffffffff max_cycles: 0xffffffff, max_idle_ns: 1910969940391419 ns
[    0.091623] setup_percpu: NR_CPUS:256 nr_cpumask_bits:1 nr_cpu_ids:1 nr_node_ids:1
[    0.094201] percpu: Embedded 55 pages/cpu s186200 r8192 d30888 u2097152
[    0.097483] Kernel command line: console=ttyS0
[    0.099236] printk: log buffer data + meta data: 131072 + 458752 = 589824 bytes
[    0.099739] Dentry cache hash table entries: 131072 (order: 8, 1048576 bytes, linear)
[    0.100084] Inode-cache hash table entries: 65536 (order: 7, 524288 bytes, linear)
[    0.104904] Fallback order for Node 0: 0 
[    0.105323] Built 1 zonelists, mobility grouping on.  Total pages: 262014
[    0.105347] Policy zone: DMA32
[    0.106694] mem auto-init: stack:all(zero), heap alloc:on, heap free:off
[    0.151933] SLUB: HWalign=64, Order=0-3, MinObjects=0, CPUs=1, Nodes=1
[    0.173893] Dynamic Preempt: none
[    0.179841] rcu: Preemptible hierarchical RCU implementation.
[    0.179929] rcu: 	RCU restricting CPUs from NR_CPUS=256 to nr_cpu_ids=1.
[    0.180434] 	Trampoline variant of Tasks RCU enabled.
[    0.180464] 	Tracing variant of Tasks RCU enabled.
[    0.180688] rcu: RCU calculated value of scheduler-enlistment delay is 100 jiffies.
[    0.180757] rcu: Adjusting geometry for rcu_fanout_leaf=16, nr_cpu_ids=1
[    0.183365] RCU Tasks: Setting shift to 0 and lim to 1 rcu_task_cb_adjust=1 rcu_task_cpu_ids=1.
[    0.183414] RCU Tasks Trace: Setting shift to 0 and lim to 1 rcu_task_cb_adjust=1 rcu_task_cpu_ids=1.
[    0.230312] NR_IRQS: 16640, nr_irqs: 256, preallocated irqs: 16
[    0.245490] rcu: srcu_init: Setting srcu_struct sizes based on contention.
[    0.246501] clocksource: jiffies: mask: 0xffffffff max_cycles: 0xffffffff, max_idle_ns: 1911260446275000 ns
[    0.252492] kfence: initialized - using 2097152 bytes for 255 objects at 0x(____ptrval____)-0x(____ptrval____)
[    0.260663] Console: colour VGA+ 80x25
[    0.263786] printk: legacy console [ttyS0] enabled
[    0.282028] ACPI: Core revision 20250807
[    0.290153] clocksource: hpet: mask: 0xffffffff max_cycles: 0xffffffff, max_idle_ns: 19112604467 ns
[    0.299482] APIC: Switch to symmetric I/O mode setup
[    0.308709] ..TIMER: vector=0x30 apic1=0 pin1=2 apic2=-1 pin2=-1
[    0.317581] clocksource: tsc-early: mask: 0xffffffffffffffff max_cycles: 0x2b2c8e53fc7, max_idle_ns: 440795296122 ns
[    0.318684] Calibrating delay loop (skipped), value calculated using timer frequency.. 5990.39 BogoMIPS (lpj=2995199)
[    0.320382] Last level iTLB entries: 4KB 512, 2MB 255, 4MB 127
[    0.320542] Last level dTLB entries: 4KB 512, 2MB 255, 4MB 127, 1GB 0
[    0.321125] mitigations: Enabled attack vectors: user_kernel, user_user, guest_host, guest_guest, SMT mitigations: auto
[    0.321972] Spectre V2 : Mitigation: Retpolines
[    0.322302] Spectre V1 : Mitigation: usercopy/swapgs barriers and __user pointer sanitization
[    0.322302] Spectre V2 : Spectre v2 / SpectreRSB: Filling RSB on context switch and VMEXIT
[    0.323302] x86/fpu: x87 FPU will use FXSAVE
[    0.606698] Freeing SMP alternatives memory: 40K
[    0.607354] pid_max: default: 32768 minimum: 301
[    0.620557] LSM: initializing lsm=lockdown,capability,landlock,yama
[    0.623386] landlock: Up and running.
[    0.623534] Yama: becoming mindful.
[    0.628302] Mount-cache hash table entries: 2048 (order: 2, 16384 bytes, linear)
[    0.628613] Mountpoint-cache hash table entries: 2048 (order: 2, 16384 bytes, linear)
[    0.738302] smpboot: CPU0: AMD QEMU Virtual CPU version 2.5+ (family: 0xf, model: 0x6b, stepping: 0x1)
[    0.750631] Performance Events: PMU not available due to virtualization, using software events only.
[    0.752918] signal: max sigframe size: 1440
[    0.755609] rcu: Hierarchical SRCU implementation.
[    0.755865] rcu: 	Max phase no-delay instances is 400.
[    0.762276] NMI watchdog: Perf NMI watchdog permanently disabled
[    0.764302] smp: Bringing up secondary CPUs ...
[    0.766134] smp: Brought up 1 node, 1 CPU
[    0.766454] smpboot: Total of 1 processors activated (5990.39 BogoMIPS)
[    0.775380] Memory: 976884K/1048056K available (14690K kernel code, 2033K rwdata, 9872K rodata, 3008K init, 1148K bss, 67496K reserved, 0K cma-reserved)
[    0.783492] devtmpfs: initialized
[    0.787218] x86/mm: Memory block size: 128MB
[    0.796932] posixtimers hash table entries: 512 (order: 1, 8192 bytes, linear)
[    0.797302] futex hash table entries: 256 (16384 bytes on 1 NUMA nodes, total 16 KiB, linear).
[    0.811302] NET: Registered PF_NETLINK/PF_ROUTE protocol family
[    0.815426] audit: initializing netlink subsys (disabled)
[    0.820132] thermal_sys: Registered thermal governor 'step_wise'
[    0.820302] audit: type=2000 audit(1790053113.512:1): state=initialized audit_enabled=0 res=1
[    0.821302] cpuidle: using governor ladder
[    0.821302] cpuidle: using governor menu
[    0.823429] acpiphp: ACPI Hot Plug PCI Controller Driver version: 0.5
[    0.826302] PCI: Using configuration type 1 for base access
[    0.831302] kprobes: kprobe jump-optimization is enabled. All kprobes are optimized if possible.
[    0.839779] HugeTLB: registered 2.00 MiB page size, pre-allocated 0 pages
[    0.839969] HugeTLB: 28 KiB vmemmap can be freed for a 2.00 MiB page
[    0.856063] ACPI: Added _OSI(Module Device)
[    0.856235] ACPI: Added _OSI(Processor Device)
[    0.856302] ACPI: Added _OSI(Processor Aggregator Device)
[    0.867859] ACPI: 1 ACPI AML tables successfully acquired and loaded
[    0.903302] ACPI: Interpreter enabled
[    0.904071] ACPI: PM: (supports S0 S3 S5)
[    0.904235] ACPI: Using IOAPIC for interrupt routing
[    0.905087] PCI: Using host bridge windows from ACPI; if necessary, use "pci=nocrs" and report a bug
[    0.905364] PCI: Using E820 reservations for host bridge windows
[    0.907302] ACPI: Enabled 2 GPEs in block 00 to 0F
[    0.941603] ACPI: PCI Root Bridge [PCI0] (domain 0000 [bus 00-ff])
[    0.942849] acpi PNP0A03:00: _OSC: OS supports [ASPM ClockPM Segments MSI HPX-Type3]
[    0.943240] acpi PNP0A03:00: _OSC: not requesting OS control; OS requires [ExtendedConfig ASPM ClockPM MSI]
[    0.944302] acpi PNP0A03:00: fail to add MMCONFIG information, can't access extended configuration space under this bridge
[    0.949997] acpiphp: Slot [3] registered
[    0.950192] acpiphp: Slot [4] registered
[    0.950386] acpiphp: Slot [5] registered
[    0.950519] acpiphp: Slot [6] registered
[    0.950662] acpiphp: Slot [7] registered
[    0.950805] acpiphp: Slot [8] registered
[    0.950929] acpiphp: Slot [9] registered
[    0.951066] acpiphp: Slot [10] registered
[    0.951190] acpiphp: Slot [11] registered
[    0.951383] acpiphp: Slot [12] registered
[    0.951556] acpiphp: Slot [13] registered
[    0.951691] acpiphp: Slot [14] registered
[    0.951834] acpiphp: Slot [15] registered
[    0.951963] acpiphp: Slot [16] registered
[    0.952095] acpiphp: Slot [17] registered
[    0.952218] acpiphp: Slot [18] registered
[    0.952366] acpiphp: Slot [19] registered
[    0.952490] acpiphp: Slot [20] registered
[    0.952613] acpiphp: Slot [21] registered
[    0.952753] acpiphp: Slot [22] registered
[    0.952883] acpiphp: Slot [23] registered
[    0.953006] acpiphp: Slot [24] registered
[    0.953127] acpiphp: Slot [25] registered
[    0.953302] acpiphp: Slot [26] registered
[    0.953302] acpiphp: Slot [27] registered
[    0.953504] acpiphp: Slot [28] registered
[    0.953718] acpiphp: Slot [29] registered
[    0.953876] acpiphp: Slot [30] registered
[    0.954007] acpiphp: Slot [31] registered
[    0.954302] PCI host bridge to bus 0000:00
[    0.954676] pci_bus 0000:00: root bus resource [io  0x0000-0x0cf7 window]
[    0.954961] pci_bus 0000:00: root bus resource [io  0x0d00-0xffff window]
[    0.955091] pci_bus 0000:00: root bus resource [mem 0x000a0000-0x000bffff window]
[    0.955282] pci_bus 0000:00: root bus resource [mem 0x40000000-0xfebfffff window]
[    0.955302] pci_bus 0000:00: root bus resource [mem 0x100000000-0x17fffffff window]
[    0.955302] pci_bus 0000:00: root bus resource [bus 00-ff]
[    0.956302] pci 0000:00:00.0: [8086:1237] type 00 class 0x060000 conventional PCI endpoint
[    0.959959] pci 0000:00:01.0: [8086:7000] type 00 class 0x060100 conventional PCI endpoint
[    0.960691] pci 0000:00:01.1: [8086:7010] type 00 class 0x010180 conventional PCI endpoint
[    0.961379] pci 0000:00:01.1: BAR 4 [io  0xc040-0xc04f]
[    0.961576] pci 0000:00:01.1: BAR 0 [io  0x01f0-0x01f7]: legacy IDE quirk
[    0.961720] pci 0000:00:01.1: BAR 1 [io  0x03f6]: legacy IDE quirk
[    0.961874] pci 0000:00:01.1: BAR 2 [io  0x0170-0x0177]: legacy IDE quirk
[    0.962011] pci 0000:00:01.1: BAR 3 [io  0x0376]: legacy IDE quirk
[    0.962811] pci 0000:00:01.3: [8086:7113] type 00 class 0x068000 conventional PCI endpoint
[    0.963302] pci 0000:00:01.3: quirk: [io  0x0600-0x063f] claimed by PIIX4 ACPI
[    0.963302] pci 0000:00:01.3: quirk: [io  0x0700-0x070f] claimed by PIIX4 SMB
[    0.963693] pci 0000:00:02.0: [1234:1111] type 00 class 0x030000 conventional PCI endpoint
[    0.964162] pci 0000:00:02.0: BAR 0 [mem 0xfd000000-0xfdffffff pref]
[    0.964328] pci 0000:00:02.0: BAR 2 [mem 0xfebf0000-0xfebf0fff]
[    0.964449] pci 0000:00:02.0: ROM [mem 0xfebe0000-0xfebeffff pref]
[    0.964805] pci 0000:00:02.0: Video device with shadowed ROM at [mem 0x000c0000-0x000dffff]
[    0.965302] pci 0000:00:03.0: [8086:100e] type 00 class 0x020000 conventional PCI endpoint
[    0.965849] pci 0000:00:03.0: BAR 0 [mem 0xfebc0000-0xfebdffff]
[    0.966106] pci 0000:00:03.0: BAR 1 [io  0xc000-0xc03f]
[    0.966282] pci 0000:00:03.0: ROM [mem 0xfeb80000-0xfebbffff pref]
[    0.973769] ACPI: PCI: Interrupt link LNKA configured for IRQ 10
[    0.974497] ACPI: PCI: Interrupt link LNKB configured for IRQ 10
[    0.974890] ACPI: PCI: Interrupt link LNKC configured for IRQ 11
[    0.975268] ACPI: PCI: Interrupt link LNKD configured for IRQ 11
[    0.975459] ACPI: PCI: Interrupt link LNKS configured for IRQ 9
[    0.980140] iommu: Default domain type: Translated
[    0.980302] iommu: DMA domain TLB invalidation policy: lazy mode
[    0.982302] SCSI subsystem initialized
[    0.983027] pps_core: LinuxPPS API ver. 1 registered
[    0.983142] pps_core: Software ver. 5.3.6 - Copyright 2005-2007 Rodolfo Giometti <giometti@linux.it>
[    0.983302] PTP clock support registered
[    0.995600] PCI: Using ACPI for IRQ routing
[    0.997632] hpet: 3 channels of 0 reserved for per-cpu timers
[    0.998302] clocksource: Switched to clocksource tsc-early
[    1.005359] VFS: Disk quotas dquot_6.6.0
[    1.005729] VFS: Dquot-cache hash table entries: 512 (order 0, 4096 bytes)
[    1.013216] pnp: PnP ACPI init
[    1.016613] ACPI: IRQ 4 override to edge(!), high(!)
[    1.017830] pnp: PnP ACPI: found 5 devices
[    1.052600] clocksource: acpi_pm: mask: 0xffffff max_cycles: 0xffffff, max_idle_ns: 2085701024 ns
[    1.054550] NET: Registered PF_INET protocol family
[    1.055893] IP idents hash table entries: 16384 (order: 5, 131072 bytes, linear)
[    1.109386] tcp_listen_portaddr_hash hash table entries: 512 (order: 1, 8192 bytes, linear)
[    1.109727] Table-perturb hash table entries: 65536 (order: 6, 262144 bytes, linear)
[    1.110029] TCP established hash table entries: 8192 (order: 4, 65536 bytes, linear)
[    1.110246] TCP bind hash table entries: 8192 (order: 6, 262144 bytes, linear)
[    1.110246] TCP: Hash tables configured (established 8192 bind 8192)
[    1.112881] MPTCP token hash table entries: 1024 (order: 3, 24576 bytes, linear)
[    1.113397] UDP hash table entries: 512 (order: 3, 32768 bytes, linear)
[    1.113905] UDP-Lite hash table entries: 512 (order: 3, 32768 bytes, linear)
[    1.115972] NET: Registered PF_UNIX/PF_LOCAL protocol family
[    1.116644] NET: Registered PF_XDP protocol family
[    1.117901] pci_bus 0000:00: resource 4 [io  0x0000-0x0cf7 window]
[    1.118403] pci_bus 0000:00: resource 5 [io  0x0d00-0xffff window]
[    1.118575] pci_bus 0000:00: resource 6 [mem 0x000a0000-0x000bffff window]
[    1.118708] pci_bus 0000:00: resource 7 [mem 0x40000000-0xfebfffff window]
[    1.118833] pci_bus 0000:00: resource 8 [mem 0x100000000-0x17fffffff window]
[    1.119335] pci 0000:00:01.0: PIIX3: Enabling Passive Release
[    1.119335] pci 0000:00:00.0: Limiting direct PCI/PCI transfers
[    1.120316] PCI: CLS 0 bytes, default 64
[    1.126371] Initialise system trusted keyrings
[    1.138259] Unpacking initramfs...
[    1.162132] workingset: timestamp_bits=40 max_order=18 bucket_order=0
[    1.166522] Key type asymmetric registered
[    1.166725] Asymmetric key parser 'x509' registered
[    1.167165] Block layer SCSI generic (bsg) driver version 0.4 loaded (major 247)
[    1.171583] io scheduler mq-deadline registered
[    1.171716] io scheduler kyber registered
[    1.172468] io scheduler bfq registered
[    1.182607] ERST DBG: ERST support is disabled.
[    1.184838] Serial: 8250/16550 driver, 4 ports, IRQ sharing enabled
[    1.190938] 00:04: ttyS0 at I/O 0x3f8 (irq = 4, base_baud = 115200) is a 16550A
[    1.213782] VMware PVSCSI driver - version 1.0.7.0-k
[    1.237502] scsi host0: ata_piix
[    1.247494] scsi host1: ata_piix
[    1.248249] ata1: PATA max MWDMA2 cmd 0x1f0 ctl 0x3f6 bmdma 0xc040 irq 14 lpm-pol 0
[    1.248496] ata2: PATA max MWDMA2 cmd 0x170 ctl 0x376 bmdma 0xc048 irq 15 lpm-pol 0
[    1.250296] hv_vmbus: registering driver hv_netvsc
[    1.252342] i8042: PNP: PS/2 Controller [PNP0303:KBD,PNP0f13:MOU] at 0x60,0x64 irq 1,12
[    1.256937] serio: i8042 KBD port at 0x60,0x64 irq 1
[    1.257287] serio: i8042 AUX port at 0x60,0x64 irq 12
[    1.257578] hv_vmbus: registering driver hyperv_keyboard
[    1.257735] rtc_cmos PNP0B00:00: RTC can wake from S4
[    1.266743] input: AT Translated Set 2 keyboard as /devices/platform/i8042/serio0/input/input0
[    1.290372] rtc_cmos PNP0B00:00: registered as rtc0
[    1.291200] rtc_cmos PNP0B00:00: setting system clock to 2026-09-22T04:58:35 UTC (1790053115)
[    1.292650] rtc_cmos PNP0B00:00: alarms up to one day, y3k, 242 bytes nvram, hpet irqs
[    1.292908] amd_pstate: the _CPC object is not present in SBIOS or ACPI disabled
[    1.302781] gre: GRE over IPv4 demultiplexer driver
[    1.304025] NET: Registered PF_INET6 protocol family
[    1.324484] Segment Routing with IPv6
[    1.324846] In-situ OAM (IOAM) with IPv6
[    1.336051] Key type dns_resolver registered
[    1.338146] IPI shorthand broadcast: enabled
[    1.351949] sched_clock: Marking stable (1293470850, 57993059)->(1627760757, -276296848)
[    1.392895] registered taskstats version 1
[    1.396173] Loading compiled-in X.509 certificates
[    1.450728] ata2: found unknown device (class 0)
[    1.455011] ata1: found unknown device (class 0)
[    1.457278] ata1.00: Model 'QEMU HARDDISK', rev '2.5+', applying quirks: bridgeok
[    1.458119] ata1.00: ATA-7: QEMU HARDDISK, 2.5+, max UDMA/100
[    1.458337] ata1.00: 2097152 sectors, multi 16: LBA48 
[    1.461688] ata2.00: ATAPI: QEMU DVD-ROM, 2.5+, max UDMA/100
[    1.480721] scsi 0:0:0:0: Direct-Access     ATA      QEMU HARDDISK    2.5+ PQ: 0 ANSI: 5
[    1.507852] scsi 1:0:0:0: CD-ROM            QEMU     QEMU DVD-ROM     2.5+ PQ: 0 ANSI: 5
[    1.673542] Freeing initrd memory: 9428K
[    1.847909] Loaded X.509 cert 'alpinelinux.org: Alpine Linux kernel key: d76a695f66ad9cd28f5c22a8508f36e91f521f7a'
[    1.863779] Demotion targets for Node 0: null
[    1.865313] Key type .fscrypt registered
[    1.865440] Key type fscrypt-provisioning registered
[    1.964807] Freeing unused kernel image (initmem) memory: 3008K
[    1.965426] Write protecting the kernel read-only data: 26624k
[    1.968098] Freeing unused kernel image (text/rodata gap) memory: 1692K
[    1.968786] Freeing unused kernel image (rodata/data gap) memory: 368K
[    1.969774] rodata_test: all tests were successful
[    1.970171] Run /init as init process
[    2.095029] Alpine Init 3.14.1-r0
Alpine Init 3.14.1-r0
[    2.102116] Loading boot drivers...
 * Loading boot drivers: [    2.132712] tsc: Refined TSC clocksource calibration: 2995.198 MHz
[    2.133365] clocksource: tsc: mask: 0xffffffffffffffff max_cycles: 0x2b2c8d6afc8, max_idle_ns: 440795331172 ns
[    2.133677] clocksource: Switched to clocksource tsc
[    2.167496] loop: module loaded
[    2.181257] squashfs: version 4.0 (2009/01/31) Phillip Lougher
[    2.186119] Loading boot drivers: ok.
ok.
[    2.202884] Mounting boot media...
 * Mounting boot media: [    2.432053] e1000: Intel(R) PRO/1000 Network Driver
[    2.432223] e1000: Copyright (c) 1999-2006 Intel Corporation.
[    2.439518] ACPI: \_SB_.LNKC: Enabled at IRQ 11
[    2.735794] e1000 0000:00:03.0 eth0: (PCI:33MHz:32-bit) 52:54:00:12:34:56
[    2.736466] e1000 0000:00:03.0 eth0: Intel(R) PRO/1000 Network Connection
[    9.095485] Mounting boot media: failed. 
failed. 
Launching initramfs emergency recovery shell.

sh: can't access tty; job control turned off
~ # [6n